Archive member included to satisfy reference by file (symbol)

.\CortexM3\ARM_GCC_541\Debug\NixieClock.a(SPIM_1.o)
                              .\CortexM3\ARM_GCC_541\Debug\main.o (SPIM_1_WriteTxData)
.\CortexM3\ARM_GCC_541\Debug\NixieClock.a(CyLib.o)
                              .\CortexM3\ARM_GCC_541\Debug\Cm3Start.o (CyHalt)
.\CortexM3\ARM_GCC_541\Debug\NixieClock.a(cyPm.o)
                              .\CortexM3\ARM_GCC_541\Debug\NixieClock.a(CyLib.o) (CyPmReadStatus)
.\CortexM3\ARM_GCC_541\Debug\NixieClock.a(PWM_1.o)
                              .\CortexM3\ARM_GCC_541\Debug\main.o (PWM_1_WriteCompare)
.\CortexM3\ARM_GCC_541\Debug\NixieClock.a(LD.o)
                              .\CortexM3\ARM_GCC_541\Debug\main.o (LD_Write)
.\CortexM3\ARM_GCC_541\Debug\NixieClock.a(Timer_1.o)
                              .\CortexM3\ARM_GCC_541\Debug\main.o (Timer_1_Enable)
.\CortexM3\ARM_GCC_541\Debug\NixieClock.a(isr_1.o)
                              .\CortexM3\ARM_GCC_541\Debug\main.o (isr_1_StartEx)
.\CortexM3\ARM_GCC_541\Debug\NixieClock.a(I2C_1.o)
                              .\CortexM3\ARM_GCC_541\Debug\main.o (I2C_1_Start)
.\CortexM3\ARM_GCC_541\Debug\NixieClock.a(I2C_1_INT.o)
                              .\CortexM3\ARM_GCC_541\Debug\NixieClock.a(I2C_1.o) (I2C_1_ISR)
.\CortexM3\ARM_GCC_541\Debug\NixieClock.a(I2C_1_PM.o)
                              .\CortexM3\ARM_GCC_541\Debug\NixieClock.a(I2C_1.o) (I2C_1_backup)
.\CortexM3\ARM_GCC_541\Debug\NixieClock.a(I2C_1_MASTER.o)
                              .\CortexM3\ARM_GCC_541\Debug\main.o (I2C_1_MasterWriteBuf)
.\CortexM3\ARM_GCC_541\Debug\NixieClock.a(ADC_DelSig_1.o)
                              .\CortexM3\ARM_GCC_541\Debug\main.o (ADC_DelSig_1_Start)
.\CortexM3\ARM_GCC_541\Debug\NixieClock.a(ADC_DelSig_1_INT.o)
                              .\CortexM3\ARM_GCC_541\Debug\NixieClock.a(ADC_DelSig_1.o) (ADC_DelSig_1_ISR1)
.\CortexM3\ARM_GCC_541\Debug\NixieClock.a(ADC_DelSig_1_AMux.o)
                              .\CortexM3\ARM_GCC_541\Debug\NixieClock.a(ADC_DelSig_1.o) (ADC_DelSig_1_AMux_Select)
.\CortexM3\ARM_GCC_541\Debug\NixieClock.a(ADC_DelSig_1_Ext_CP_Clk.o)
                              .\CortexM3\ARM_GCC_541\Debug\NixieClock.a(ADC_DelSig_1.o) (ADC_DelSig_1_Ext_CP_Clk_SetModeRegister)
.\CortexM3\ARM_GCC_541\Debug\NixieClock.a(ADC_DelSig_1_theACLK.o)
                              .\CortexM3\ARM_GCC_541\Debug\NixieClock.a(ADC_DelSig_1.o) (ADC_DelSig_1_theACLK_SetModeRegister)
.\CortexM3\ARM_GCC_541\Debug\NixieClock.a(UART_1.o)
                              .\CortexM3\ARM_GCC_541\Debug\main.o (UART_1_Start)
.\CortexM3\ARM_GCC_541\Debug\NixieClock.a(CyBootAsmGnu.o)
                              .\CortexM3\ARM_GCC_541\Debug\cyfitter_cfg.o (CyDelayCycles)
.\CortexM3\ARM_GCC_541\Debug\NixieClock.a(UART_1_AsmGnu.o)
                              .\CortexM3\ARM_GCC_541\Debug\main.o (UART_1_PutChar)
.\CortexM3\ARM_GCC_541\Debug\NixieClock.a(CyFlash.o)
                              .\CortexM3\ARM_GCC_541\Debug\NixieClock.a(cyPm.o) (CyFlash_SetWaitCycles)
.\CortexM3\ARM_GCC_541\Debug\NixieClock.a(CySpc.o)
                              .\CortexM3\ARM_GCC_541\Debug\NixieClock.a(CyFlash.o) (CySpcStart)
c:/program files (x86)/cypress/psoc creator/4.2/psoc creator/import/gnu/arm/5.4.1/bin/../lib/gcc/arm-none-eabi/5.4.1/armv7-m\libgcc.a(_udivsi3.o)
                              .\CortexM3\ARM_GCC_541\Debug\NixieClock.a(UART_1_AsmGnu.o) (__aeabi_uidiv)
c:/program files (x86)/cypress/psoc creator/4.2/psoc creator/import/gnu/arm/5.4.1/bin/../lib/gcc/arm-none-eabi/5.4.1/armv7-m\libgcc.a(_dvmd_tls.o)
                              c:/program files (x86)/cypress/psoc creator/4.2/psoc creator/import/gnu/arm/5.4.1/bin/../lib/gcc/arm-none-eabi/5.4.1/armv7-m\libgcc.a(_udivsi3.o) (__aeabi_idiv0)
c:/program files (x86)/cypress/psoc creator/4.2/psoc creator/import/gnu/arm/5.4.1/bin/../lib/gcc/arm-none-eabi/5.4.1/armv7-m\libgcc.a(_arm_addsubdf3.o)
                              .\CortexM3\ARM_GCC_541\Debug\main.o (__aeabi_dadd)
c:/program files (x86)/cypress/psoc creator/4.2/psoc creator/import/gnu/arm/5.4.1/bin/../lib/gcc/arm-none-eabi/5.4.1/armv7-m\libgcc.a(_arm_cmpdf2.o)
                              .\CortexM3\ARM_GCC_541\Debug\NixieClock.a(ADC_DelSig_1.o) (__aeabi_dcmpgt)
c:/program files (x86)/cypress/psoc creator/4.2/psoc creator/import/gnu/arm/5.4.1/bin/../lib/gcc/arm-none-eabi/5.4.1/armv7-m\libgcc.a(_arm_fixdfsi.o)
                              .\CortexM3\ARM_GCC_541\Debug\main.o (__aeabi_d2iz)
c:/program files (x86)/cypress/psoc creator/4.2/psoc creator/import/gnu/arm/5.4.1/bin/../lib/gcc/arm-none-eabi/5.4.1/armv7-m\libgcc.a(_arm_addsubsf3.o)
                              .\CortexM3\ARM_GCC_541\Debug\NixieClock.a(ADC_DelSig_1.o) (__aeabi_ui2f)
c:/program files (x86)/cypress/psoc creator/4.2/psoc creator/import/gnu/arm/5.4.1/bin/../lib/gcc/arm-none-eabi/5.4.1/armv7-m\libgcc.a(_arm_muldivsf3.o)
[...]
Memory Configuration

Name             Origin             Length             Attributes
rom              0x00000000         0x00040000         xr
ram              0x1fff8000         0x00010000         xrw
*default*        0x00000000         0xffffffff

Linker script and memory map

LOAD c:/program files (x86)/cypress/psoc creator/4.2/psoc creator/import/gnu/arm/5.4.1/bin/../lib/gcc/arm-none-eabi/5.4.1/armv7-m/crti.o
LOAD c:/program files (x86)/cypress/psoc creator/4.2/psoc creator/import/gnu/arm/5.4.1/bin/../lib/gcc/arm-none-eabi/5.4.1/armv7-m/crtbegin.o
LOAD c:/program files (x86)/cypress/psoc creator/4.2/psoc creator/import/gnu/arm/5.4.1/bin/../lib/gcc/arm-none-eabi/5.4.1/../../../../arm-none-eabi/lib/armv7-m/crt0.o
START GROUP
LOAD .\CortexM3\ARM_GCC_541\Debug\main.o
LOAD .\CortexM3\ARM_GCC_541\Debug\cyfitter_cfg.o
LOAD .\CortexM3\ARM_GCC_541\Debug\cymetadata.o
LOAD .\CortexM3\ARM_GCC_541\Debug\Cm3Start.o
LOAD .\CortexM3\ARM_GCC_541\Debug\NixieClock.a
LOAD C:\Program Files (x86)\Cypress\PSoC Creator\4.2\PSoC Creator\psoc\content\cycomponentlibrary\CyComponentLibrary.cylib\CortexM3\ARM_GCC_541\Debug\CyComponentLibrary.a
END GROUP
START GROUP
LOAD c:/program files (x86)/cypress/psoc creator/4.2/psoc creator/import/gnu/arm/5.4.1/bin/../lib/gcc/arm-none-eabi/5.4.1/armv7-m\libgcc.a
LOAD c:/program files (x86)/cypress/psoc creator/4.2/psoc creator/import/gnu/arm/5.4.1/bin/../lib/gcc/arm-none-eabi/5.4.1/../../../../arm-none-eabi/lib/armv7-m\libg_nano.a
LOAD c:/program files (x86)/cypress/psoc creator/4.2/psoc creator/import/gnu/arm/5.4.1/bin/../lib/gcc/arm-none-eabi/5.4.1/../../../../arm-none-eabi/lib/armv7-m\libc_nano.a
END GROUP
START GROUP
LOAD c:/program files (x86)/cypress/psoc creator/4.2/psoc creator/import/gnu/arm/5.4.1/bin/../lib/gcc/arm-none-eabi/5.4.1/armv7-m\libgcc.a
LOAD c:/program files (x86)/cypress/psoc creator/4.2/psoc creator/import/gnu/arm/5.4.1/bin/../lib/gcc/arm-none-eabi/5.4.1/../../../../arm-none-eabi/lib/armv7-m\libc_nano.a
END GROUP
LOAD c:/program files (x86)/cypress/psoc creator/4.2/psoc creator/import/gnu/arm/5.4.1/bin/../lib/gcc/arm-none-eabi/5.4.1/armv7-m/crtend.o
LOAD c:/program files (x86)/cypress/psoc creator/4.2/psoc creator/import/gnu/arm/5.4.1/bin/../lib/gcc/arm-none-eabi/5.4.1/armv7-m/crtn.o
START GROUP
LOAD c:/program files (x86)/cypress/psoc creator/4.2/psoc creator/import/gnu/arm/5.4.1/bin/../lib/gcc/arm-none-eabi/5.4.1/armv7-m\libgcc.a
LOAD c:/program files (x86)/cypress/psoc creator/4.2/psoc creator/import/gnu/arm/5.4.1/bin/../lib/gcc/arm-none-eabi/5.4.1/../../../../arm-none-eabi/lib/armv7-m\libc.a
LOAD c:/program files (x86)/cypress/psoc creator/4.2/psoc creator/import/gnu/arm/5.4.1/bin/../lib/gcc/arm-none-eabi/5.4.1/../../../../arm-none-eabi/lib/armv7-m\libnosys.a
END GROUP
                0x00000000                CY_APPL_ORIGIN = 0x0
                0x00000100                CY_FLASH_ROW_SIZE = 0x100
                0x00000020                CY_ECC_ROW_SIZE = 0x20
                0x00000000                CY_EE_IN_BTLDR = 0x0
                0x00000000                CY_APPL_LOADABLE = 0x0
                0x00000800                CY_EE_SIZE = 0x800
                0x00000001                CY_APPL_NUM = 0x1
                0x00000001                CY_APPL_MAX = 0x1
                0x00000040                CY_METADATA_SIZE = 0x40
                0x00000000                CY_APPL_LOADABLE = 0x0
                0x00000000                CY_CHECKSUM_EXCLUDE_SIZE = ALIGN (0x0, CY_FLASH_ROW_SIZE)
                [!provide]                PROVIDE (__cy_heap_start, _end)
                0x00000001                PROVIDE (__cy_region_num, ((__cy_regions_end - __cy_regions) / 0x10))
                0x20008000                PROVIDE (__cy_stack, (ORIGIN (ram) + LENGTH (ram)))
                [!provide]                PROVIDE (__cy_heap_end, (__cy_stack - 0x800))

.cybootloader   0x00000000        0x0
 *(.cybootloader)
                0x00000000                appl1_start = CY_APPL_ORIGIN?CY_APPL_ORIGIN:ALIGN (CY_FLASH_ROW_SIZE)
                0x0001ff00                appl2_start = (appl1_start + ALIGN ((((LENGTH (rom) - appl1_start) - (0x2 * CY_FLASH_ROW_SIZE)) / 0x2), CY_FLASH_ROW_SIZE))
                0x00000000                appl_start = (CY_APPL_NUM == 0x1)?appl1_start:appl2_start
                0x00000000                ecc_offset = ((appl_start / CY_FLASH_ROW_SIZE) * CY_ECC_ROW_SIZE)
                0x00000000                ee_offset = (CY_APPL_LOADABLE && ! (CY_EE_IN_BTLDR))?((CY_EE_SIZE / CY_APPL_MAX) * (CY_APPL_NUM - 0x1)):0x0
                0x00000800                ee_size = (CY_APPL_LOADABLE && ! (CY_EE_IN_BTLDR))?(CY_EE_SIZE / CY_APPL_MAX):CY_EE_SIZE
                [!provide]                PROVIDE (CY_ECC_OFFSET, ecc_offset)

.text           0x00000000     0x2484
 CREATE_OBJECT_SYMBOLS
                0x00000000                PROVIDE (__cy_interrupt_vector, RomVectors)
 *(.romvectors)
 .romvectors    0x00000000       0x10 .\CortexM3\ARM_GCC_541\Debug\Cm3Start.o
                0x00000000                RomVectors
                0x00000001                ASSERT ((. != __cy_interrupt_vector), No interrupt vector)
                0x00000001                ASSERT (CY_APPL_ORIGIN?(SIZEOF (.cybootloader) <= CY_APPL_ORIGIN):0x1, Wrong image location)
                0x00000010                PROVIDE (__cy_reset, Reset)
 *(.text.Reset)
 .text.Reset    0x00000010       0x18 .\CortexM3\ARM_GCC_541\Debug\Cm3Start.o
                0x00000010                Reset
                0x00000001                ASSERT ((. != __cy_reset), No reset code)
 *(.dma_init)
                0x00000001                ASSERT ((((appl_start + .) <= 0x10000) || 0x1), DMA Init must be within the first 64k of flash)
 *(.text .text.* .gnu.linkonce.t.*)
 .text          0x00000028       0x5c c:/program files (x86)/cypress/psoc creator/4.2/psoc creator/import/gnu/arm/5.4.1/bin/../lib/gcc/arm-none-eabi/5.4.1/armv7-m/crtbegin.o
 .text.MY_ISR   0x00000084       0x14 .\CortexM3\ARM_GCC_541\Debug\main.o
                0x00000084                MY_ISR
 .text.update_disp
                0x00000098      0x110 .\CortexM3\ARM_GCC_541\Debug\main.o
                0x00000098                update_disp
 .text.readRTC  0x000001a8       0x40 .\CortexM3\ARM_GCC_541\Debug\main.o
                0x000001a8                readRTC
 .text.writeUARTtime
                0x000001e8      0x13c .\CortexM3\ARM_GCC_541\Debug\main.o
                0x000001e8                writeUARTtime
 .text.delay    0x00000324       0x24 .\CortexM3\ARM_GCC_541\Debug\main.o
                0x00000324                delay
 .text.main     0x00000348      0x124 .\CortexM3\ARM_GCC_541\Debug\main.o
                0x00000348                main
 .text.CyClockStartupError
                0x0000046c        0x4 .\CortexM3\ARM_GCC_541\Debug\cyfitter_cfg.o
 .text.cfg_write_bytes32
                0x00000470       0x34 .\CortexM3\ARM_GCC_541\Debug\cyfitter_cfg.o
 .text.AnalogSetDefault
                0x000004a4       0x40 .\CortexM3\ARM_GCC_541\Debug\cyfitter_cfg.o
 .text.CYMEMZERO
                0x000004e4        0xc .\CortexM3\ARM_GCC_541\Debug\cyfitter_cfg.o
 .text.CYCONFIGCPY
                0x000004f0        0x8 .\CortexM3\ARM_GCC_541\Debug\cyfitter_cfg.o
 .text.ClockSetup
                0x000004f8       0xf8 .\CortexM3\ARM_GCC_541\Debug\cyfitter_cfg.o
 .text.ADC_DelSig_1_AMux_Set
                0x000005f0       0x1c .\CortexM3\ARM_GCC_541\Debug\cyfitter_cfg.o
                0x000005f0                ADC_DelSig_1_AMux_Set
 .text.ADC_DelSig_1_AMux_Unset
                0x0000060c       0x1c .\CortexM3\ARM_GCC_541\Debug\cyfitter_cfg.o
                0x0000060c                ADC_DelSig_1_AMux_Unset
 .text.cyfitter_cfg
                0x00000628      0x128 .\CortexM3\ARM_GCC_541\Debug\cyfitter_cfg.o
                0x00000628                cyfitter_cfg
 .text.IntDefaultHandler
                0x00000750       0x10 .\CortexM3\ARM_GCC_541\Debug\Cm3Start.o
                0x00000750                IntDefaultHandler
 .text._sbrk    0x00000760       0x30 .\CortexM3\ARM_GCC_541\Debug\Cm3Start.o
                0x00000760                _sbrk
 .text.Start_c  0x00000790       0x4c .\CortexM3\ARM_GCC_541\Debug\Cm3Start.o
                0x00000790                Start_c
 .text.initialize_psoc
                0x000007dc       0x68 .\CortexM3\ARM_GCC_541\Debug\Cm3Start.o
                0x000007dc                initialize_psoc
 .text.SPIM_1_Enable
                0x00000844       0x30 .\CortexM3\ARM_GCC_541\Debug\NixieClock.a(SPIM_1.o)
                0x00000844                SPIM_1_Enable
 .text.SPIM_1_ReadTxStatus
                0x00000874        0xc .\CortexM3\ARM_GCC_541\Debug\NixieClock.a(SPIM_1.o)
                0x00000874                SPIM_1_ReadTxStatus
 .text.SPIM_1_ReadRxStatus
                0x00000880        0xc .\CortexM3\ARM_GCC_541\Debug\NixieClock.a(SPIM_1.o)
                0x00000880                SPIM_1_ReadRxStatus
 .text.SPIM_1_WriteTxData
                0x0000088c       0x18 .\CortexM3\ARM_GCC_541\Debug\NixieClock.a(SPIM_1.o)
                0x0000088c                SPIM_1_WriteTxData
 .text.SPIM_1_ClearFIFO
                0x000008a4       0x3c .\CortexM3\ARM_GCC_541\Debug\NixieClock.a(SPIM_1.o)
                0x000008a4                SPIM_1_ClearFIFO
 .text.SPIM_1_Init
                0x000008e0       0x28 .\CortexM3\ARM_GCC_541\Debug\NixieClock.a(SPIM_1.o)
                0x000008e0                SPIM_1_Init
 .text.SPIM_1_Start
                0x00000908       0x1c .\CortexM3\ARM_GCC_541\Debug\NixieClock.a(SPIM_1.o)
                0x00000908                SPIM_1_Start
 .text.CyHalt   0x00000924        0x4 .\CortexM3\ARM_GCC_541\Debug\NixieClock.a(CyLib.o)
                0x00000924                CyHalt
 .text.CyDelayUs
                0x00000928       0x14 .\CortexM3\ARM_GCC_541\Debug\NixieClock.a(CyLib.o)
                0x00000928                CyDelayUs
 .text.CyIntSetVector
                0x0000093c       0x28 .\CortexM3\ARM_GCC_541\Debug\NixieClock.a(CyLib.o)
                0x0000093c                CyIntSetVector
 .text.CyIntSetPriority
                0x00000964       0x30 .\CortexM3\ARM_GCC_541\Debug\NixieClock.a(CyLib.o)
                0x00000964                CyIntSetPriority
 .text.PWM_1_Enable
                0x00000994       0x10 .\CortexM3\ARM_GCC_541\Debug\NixieClock.a(PWM_1.o)
                0x00000994                PWM_1_Enable
 .text.PWM_1_WriteCounter
                0x000009a4        0xc .\CortexM3\ARM_GCC_541\Debug\NixieClock.a(PWM_1.o)
                0x000009a4                PWM_1_WriteCounter
 .text.PWM_1_WritePeriod
                0x000009b0        0xc .\CortexM3\ARM_GCC_541\Debug\NixieClock.a(PWM_1.o)
                0x000009b0                PWM_1_WritePeriod
 .text.PWM_1_WriteCompare
                0x000009bc        0xc .\CortexM3\ARM_GCC_541\Debug\NixieClock.a(PWM_1.o)
                0x000009bc                PWM_1_WriteCompare
 .text.PWM_1_SetInterruptMode
                0x000009c8        0xc .\CortexM3\ARM_GCC_541\Debug\NixieClock.a(PWM_1.o)
                0x000009c8                PWM_1_SetInterruptMode
 .text.PWM_1_ReadStatusRegister
                0x000009d4        0xc .\CortexM3\ARM_GCC_541\Debug\NixieClock.a(PWM_1.o)
                0x000009d4                PWM_1_ReadStatusRegister
 .text.PWM_1_ReadCapture
                0x000009e0        0xc .\CortexM3\ARM_GCC_541\Debug\NixieClock.a(PWM_1.o)
                0x000009e0                PWM_1_ReadCapture
 .text.PWM_1_ClearFIFO
                0x000009ec       0x14 .\CortexM3\ARM_GCC_541\Debug\NixieClock.a(PWM_1.o)
                0x000009ec                PWM_1_ClearFIFO
 .text.PWM_1_Init
                0x00000a00       0x50 .\CortexM3\ARM_GCC_541\Debug\NixieClock.a(PWM_1.o)
                0x00000a00                PWM_1_Init
 .text.PWM_1_Start
                0x00000a50       0x1c .\CortexM3\ARM_GCC_541\Debug\NixieClock.a(PWM_1.o)
                0x00000a50                PWM_1_Start
 .text.LD_Write
                0x00000a6c       0x18 .\CortexM3\ARM_GCC_541\Debug\NixieClock.a(LD.o)
                0x00000a6c                LD_Write
 .text.Timer_1_Enable
                0x00000a84       0x28 .\CortexM3\ARM_GCC_541\Debug\NixieClock.a(Timer_1.o)
                0x00000a84                Timer_1_Enable
 .text.Timer_1_Stop
                0x00000aac       0x28 .\CortexM3\ARM_GCC_541\Debug\NixieClock.a(Timer_1.o)
                0x00000aac                Timer_1_Stop
 .text.Timer_1_SetInterruptMode
                0x00000ad4        0xc .\CortexM3\ARM_GCC_541\Debug\NixieClock.a(Timer_1.o)
                0x00000ad4                Timer_1_SetInterruptMode
 .text.Timer_1_WritePeriod
                0x00000ae0        0xc .\CortexM3\ARM_GCC_541\Debug\NixieClock.a(Timer_1.o)
                0x00000ae0                Timer_1_WritePeriod
 .text.Timer_1_WriteCounter
                0x00000aec        0xc .\CortexM3\ARM_GCC_541\Debug\NixieClock.a(Timer_1.o)
                0x00000aec                Timer_1_WriteCounter
 .text.Timer_1_Init
                0x00000af8       0x68 .\CortexM3\ARM_GCC_541\Debug\NixieClock.a(Timer_1.o)
                0x00000af8                Timer_1_Init
 .text.Timer_1_Start
                0x00000b60       0x1c .\CortexM3\ARM_GCC_541\Debug\NixieClock.a(Timer_1.o)
                0x00000b60                Timer_1_Start
 .text.isr_1_SetVector
                0x00000b7c        0xc .\CortexM3\ARM_GCC_541\Debug\NixieClock.a(isr_1.o)
                0x00000b7c                isr_1_SetVector
 .text.isr_1_SetPriority
                0x00000b88       0x10 .\CortexM3\ARM_GCC_541\Debug\NixieClock.a(isr_1.o)
                0x00000b88                isr_1_SetPriority
 .text.isr_1_Enable
                0x00000b98        0xc .\CortexM3\ARM_GCC_541\Debug\NixieClock.a(isr_1.o)
                0x00000b98                isr_1_Enable
 .text.isr_1_Disable
                0x00000ba4        0xc .\CortexM3\ARM_GCC_541\Debug\NixieClock.a(isr_1.o)
                0x00000ba4                isr_1_Disable
 .text.isr_1_StartEx
                0x00000bb0       0x1c .\CortexM3\ARM_GCC_541\Debug\NixieClock.a(isr_1.o)
                0x00000bb0                isr_1_StartEx
 .text.I2C_1_Init
                0x00000bcc       0x68 .\CortexM3\ARM_GCC_541\Debug\NixieClock.a(I2C_1.o)
                0x00000bcc                I2C_1_Init
 .text.I2C_1_Enable
                0x00000c34       0x24 .\CortexM3\ARM_GCC_541\Debug\NixieClock.a(I2C_1.o)
                0x00000c34                I2C_1_Enable
 .text.I2C_1_Start
                0x00000c58       0x28 .\CortexM3\ARM_GCC_541\Debug\NixieClock.a(I2C_1.o)
                0x00000c58                I2C_1_Start
 .text.I2C_1_ISR
                0x00000c80      0x2d0 .\CortexM3\ARM_GCC_541\Debug\NixieClock.a(I2C_1_INT.o)
                0x00000c80                I2C_1_ISR
 .text.I2C_1_MasterWriteBuf
                0x00000f50       0xcc .\CortexM3\ARM_GCC_541\Debug\NixieClock.a(I2C_1_MASTER.o)
                0x00000f50                I2C_1_MasterWriteBuf
 .text.I2C_1_MasterReadBuf
                0x0000101c       0xd0 .\CortexM3\ARM_GCC_541\Debug\NixieClock.a(I2C_1_MASTER.o)
                0x0000101c                I2C_1_MasterReadBuf
 .text.I2C_1_MasterStatus
                0x000010ec       0x38 .\CortexM3\ARM_GCC_541\Debug\NixieClock.a(I2C_1_MASTER.o)
                0x000010ec                I2C_1_MasterStatus
 .text.I2C_1_MasterClearStatus
                0x00001124       0x24 .\CortexM3\ARM_GCC_541\Debug\NixieClock.a(I2C_1_MASTER.o)
                0x00001124                I2C_1_MasterClearStatus
 .text.ADC_DelSig_1_GainCompensation
                0x00001148       0xe0 .\CortexM3\ARM_GCC_541\Debug\NixieClock.a(ADC_DelSig_1.o)
 .text.ADC_DelSig_1_SetDSMRef0Reg
                0x00001228       0x4c .\CortexM3\ARM_GCC_541\Debug\NixieClock.a(ADC_DelSig_1.o)
 .text.ADC_DelSig_1_InitConfig
                0x00001274      0x328 .\CortexM3\ARM_GCC_541\Debug\NixieClock.a(ADC_DelSig_1.o)
 .text.ADC_DelSig_1_Init
                0x0000159c      0x108 .\CortexM3\ARM_GCC_541\Debug\NixieClock.a(ADC_DelSig_1.o)
                0x0000159c                ADC_DelSig_1_Init
 .text.ADC_DelSig_1_Enable
                0x000016a4       0xd8 .\CortexM3\ARM_GCC_541\Debug\NixieClock.a(ADC_DelSig_1.o)
                0x000016a4                ADC_DelSig_1_Enable
 .text.ADC_DelSig_1_Start
                0x0000177c       0x28 .\CortexM3\ARM_GCC_541\Debug\NixieClock.a(ADC_DelSig_1.o)
                0x0000177c                ADC_DelSig_1_Start
 .text.ADC_DelSig_1_StartConvert
                0x000017a4       0x10 .\CortexM3\ARM_GCC_541\Debug\NixieClock.a(ADC_DelSig_1.o)
                0x000017a4                ADC_DelSig_1_StartConvert
 .text.ADC_DelSig_1_IsEndConversion
                0x000017b4       0x30 .\CortexM3\ARM_GCC_541\Debug\NixieClock.a(ADC_DelSig_1.o)
                0x000017b4                ADC_DelSig_1_IsEndConversion
 .text.ADC_DelSig_1_GetResult32
                0x000017e4       0x6c .\CortexM3\ARM_GCC_541\Debug\NixieClock.a(ADC_DelSig_1.o)
                0x000017e4                ADC_DelSig_1_GetResult32
 .text.ADC_DelSig_1_ISR1
                0x00001850        0x4 .\CortexM3\ARM_GCC_541\Debug\NixieClock.a(ADC_DelSig_1_INT.o)
                0x00001850                ADC_DelSig_1_ISR1
 .text.ADC_DelSig_1_ISR2
                0x00001854        0x4 .\CortexM3\ARM_GCC_541\Debug\NixieClock.a(ADC_DelSig_1_INT.o)
                0x00001854                ADC_DelSig_1_ISR2
 .text.ADC_DelSig_1_ISR3
                0x00001858        0x4 .\CortexM3\ARM_GCC_541\Debug\NixieClock.a(ADC_DelSig_1_INT.o)
                0x00001858                ADC_DelSig_1_ISR3
 .text.ADC_DelSig_1_ISR4
                0x0000185c        0x4 .\CortexM3\ARM_GCC_541\Debug\NixieClock.a(ADC_DelSig_1_INT.o)
                0x0000185c                ADC_DelSig_1_ISR4
 .text.ADC_DelSig_1_AMux_Start
                0x00001860       0x20 .\CortexM3\ARM_GCC_541\Debug\NixieClock.a(ADC_DelSig_1_AMux.o)
                0x00001860                ADC_DelSig_1_AMux_Start
 .text.ADC_DelSig_1_AMux_Select
                0x00001880       0x18 .\CortexM3\ARM_GCC_541\Debug\NixieClock.a(ADC_DelSig_1_AMux.o)
                0x00001880                ADC_DelSig_1_AMux_Select
 .text.ADC_DelSig_1_Ext_CP_Clk_GetDividerRegister
                0x00001898        0xc .\CortexM3\ARM_GCC_541\Debug\NixieClock.a(ADC_DelSig_1_Ext_CP_Clk.o)
                0x00001898                ADC_DelSig_1_Ext_CP_Clk_GetDividerRegister
 .text.ADC_DelSig_1_Ext_CP_Clk_SetModeRegister
                0x000018a4       0x14 .\CortexM3\ARM_GCC_541\Debug\NixieClock.a(ADC_DelSig_1_Ext_CP_Clk.o)
                0x000018a4                ADC_DelSig_1_Ext_CP_Clk_SetModeRegister
 .text.ADC_DelSig_1_Ext_CP_Clk_GetSourceRegister
                0x000018b8       0x10 .\CortexM3\ARM_GCC_541\Debug\NixieClock.a(ADC_DelSig_1_Ext_CP_Clk.o)
                0x000018b8                ADC_DelSig_1_Ext_CP_Clk_GetSourceRegister
 .text.ADC_DelSig_1_Ext_CP_Clk_SetDividerRegister
                0x000018c8       0xd8 .\CortexM3\ARM_GCC_541\Debug\NixieClock.a(ADC_DelSig_1_Ext_CP_Clk.o)
                0x000018c8                ADC_DelSig_1_Ext_CP_Clk_SetDividerRegister
 .text.ADC_DelSig_1_theACLK_GetDividerRegister
                0x000019a0        0xc .\CortexM3\ARM_GCC_541\Debug\NixieClock.a(ADC_DelSig_1_theACLK.o)
                0x000019a0                ADC_DelSig_1_theACLK_GetDividerRegister
 .text.ADC_DelSig_1_theACLK_SetModeRegister
                0x000019ac       0x14 .\CortexM3\ARM_GCC_541\Debug\NixieClock.a(ADC_DelSig_1_theACLK.o)
                0x000019ac                ADC_DelSig_1_theACLK_SetModeRegister
 .text.ADC_DelSig_1_theACLK_GetSourceRegister
                0x000019c0       0x10 .\CortexM3\ARM_GCC_541\Debug\NixieClock.a(ADC_DelSig_1_theACLK.o)
                0x000019c0                ADC_DelSig_1_theACLK_GetSourceRegister
 .text.ADC_DelSig_1_theACLK_SetDividerRegister
                0x000019d0       0xd8 .\CortexM3\ARM_GCC_541\Debug\NixieClock.a(ADC_DelSig_1_theACLK.o)
                0x000019d0                ADC_DelSig_1_theACLK_SetDividerRegister
 .text.UART_1_Start
                0x00001aa8        0x4 .\CortexM3\ARM_GCC_541\Debug\NixieClock.a(UART_1.o)
                0x00001aa8                UART_1_Start
 .text.UART_1_PutString
                0x00001aac       0x1c .\CortexM3\ARM_GCC_541\Debug\NixieClock.a(UART_1.o)
                0x00001aac                UART_1_PutString
 .text          0x00001ac8       0x20 .\CortexM3\ARM_GCC_541\Debug\NixieClock.a(CyBootAsmGnu.o)
                0x00001ac8                CyDelayCycles
                0x00001ad8                CyEnterCriticalSection
                0x00001ae0                CyExitCriticalSection
 .text          0x00001ae8       0xac .\CortexM3\ARM_GCC_541\Debug\NixieClock.a(UART_1_AsmGnu.o)
                0x00001ae8                UART_1_PutChar
 .text          0x00001b94       0x24 c:/program files (x86)/cypress/psoc creator/4.2/psoc creator/import/gnu/arm/5.4.1/bin/../lib/gcc/arm-none-eabi/5.4.1/armv7-m\libgcc.a(_udivsi3.o)
                0x00001b94                __aeabi_uidiv
                0x00001b94                __udivsi3
                0x00001ba8                __aeabi_uidivmod
 .text          0x00001bb8        0x4 c:/program files (x86)/cypress/psoc creator/4.2/psoc creator/import/gnu/arm/5.4.1/bin/../lib/gcc/arm-none-eabi/5.4.1/armv7-m\libgcc.a(_dvmd_tls.o)
                0x00001bb8                __aeabi_idiv0
                0x00001bb8                __aeabi_ldiv0
 .text.__errno  0x00001bbc        0xc c:/program files (x86)/cypress/psoc creator/4.2/psoc creator/import/gnu/arm/5.4.1/bin/../lib/gcc/arm-none-eabi/5.4.1/../../../../arm-none-eabi/lib/armv7-m\libg_nano.a(lib_a-errno.o)
                0x00001bbc                __errno
 .text.__libc_init_array
                0x00001bc8       0x4c c:/program files (x86)/cypress/psoc creator/4.2/psoc creator/import/gnu/arm/5.4.1/bin/../lib/gcc/arm-none-eabi/5.4.1/../../../../arm-none-eabi/lib/armv7-m\libg_nano.a(lib_a-init.o)
                0x00001bc8                __libc_init_array
 .text.memcpy   0x00001c14       0x16 c:/program files (x86)/cypress/psoc creator/4.2/psoc creator/import/gnu/arm/5.4.1/bin/../lib/gcc/arm-none-eabi/5.4.1/../../../../arm-none-eabi/lib/armv7-m\libg_nano.a(lib_a-memcpy-stub.o)
                0x00001c14                memcpy
 .text.memset   0x00001c2a       0x10 c:/program files (x86)/cypress/psoc creator/4.2/psoc creator/import/gnu/arm/5.4.1/bin/../lib/gcc/arm-none-eabi/5.4.1/../../../../arm-none-eabi/lib/armv7-m\libg_nano.a(lib_a-memset.o)
                0x00001c2a                memset
 *fill*         0x00001c3a        0x2 
 .text._malloc_r
                0x00001c3c       0xbc c:/program files (x86)/cypress/psoc creator/4.2/psoc creator/import/gnu/arm/5.4.1/bin/../lib/gcc/arm-none-eabi/5.4.1/../../../../arm-none-eabi/lib/armv7-m\libg_nano.a(lib_a-nano-mallocr.o)
                0x00001c3c                _malloc_r
 .text._sbrk_r  0x00001cf8       0x20 c:/program files (x86)/cypress/psoc creator/4.2/psoc creator/import/gnu/arm/5.4.1/bin/../lib/gcc/arm-none-eabi/5.4.1/../../../../arm-none-eabi/lib/armv7-m\libg_nano.a(lib_a-sbrkr.o)
                0x00001cf8                _sbrk_r
 .text.sprintf  0x00001d18       0x48 c:/program files (x86)/cypress/psoc creator/4.2/psoc creator/import/gnu/arm/5.4.1/bin/../lib/gcc/arm-none-eabi/5.4.1/../../../../arm-none-eabi/lib/armv7-m\libg_nano.a(lib_a-sprintf.o)
                0x00001d18                siprintf
                0x00001d18                sprintf
 .text.__malloc_lock
                0x00001d60        0x2 c:/program files (x86)/cypress/psoc creator/4.2/psoc creator/import/gnu/arm/5.4.1/bin/../lib/gcc/arm-none-eabi/5.4.1/../../../../arm-none-eabi/lib/armv7-m\libg_nano.a(lib_a-mlock.o)
                0x00001d60                __malloc_lock
 .text.__malloc_unlock
                0x00001d62        0x2 c:/program files (x86)/cypress/psoc creator/4.2/psoc creator/import/gnu/arm/5.4.1/bin/../lib/gcc/arm-none-eabi/5.4.1/../../../../arm-none-eabi/lib/armv7-m\libg_nano.a(lib_a-mlock.o)
                0x00001d62                __malloc_unlock
 .text.__ssputs_r
                0x00001d64       0xb2 c:/program files (x86)/cypress/psoc creator/4.2/psoc creator/import/gnu/arm/5.4.1/bin/../lib/gcc/arm-none-eabi/5.4.1/../../../../arm-none-eabi/lib/armv7-m\libg_nano.a(lib_a-nano-svfprintf.o)
                0x00001d64                __ssputs_r
 *fill*         0x00001e16        0x2 
 .text._svfprintf_r
                0x00001e18      0x1e8 c:/program files (x86)/cypress/psoc creator/4.2/psoc creator/import/gnu/arm/5.4.1/bin/../lib/gcc/arm-none-eabi/5.4.1/../../../../arm-none-eabi/lib/armv7-m\libg_nano.a(lib_a-nano-svfprintf.o)
                0x00001e18                _svfiprintf_r
                0x00001e18                _svfprintf_r
 .text._printf_common
                0x00002000       0xec c:/program files (x86)/cypress/psoc creator/4.2/psoc creator/import/gnu/arm/5.4.1/bin/../lib/gcc/arm-none-eabi/5.4.1/../../../../arm-none-eabi/lib/armv7-m\libg_nano.a(lib_a-nano-vfprintf_i.o)
                0x00002000                _printf_common
 .text._printf_i
                0x000020ec      0x24c c:/program files (x86)/cypress/psoc creator/4.2/psoc creator/import/gnu/arm/5.4.1/bin/../lib/gcc/arm-none-eabi/5.4.1/../../../../arm-none-eabi/lib/armv7-m\libg_nano.a(lib_a-nano-vfprintf_i.o)
                0x000020ec                _printf_i
 .text.memchr   0x00002338       0x1c c:/program files (x86)/cypress/psoc creator/4.2/psoc creator/import/gnu/arm/5.4.1/bin/../lib/gcc/arm-none-eabi/5.4.1/../../../../arm-none-eabi/lib/armv7-m\libg_nano.a(lib_a-memchr-stub.o)
                0x00002338                memchr
 .text.memmove  0x00002354       0x36 c:/program files (x86)/cypress/psoc creator/4.2/psoc creator/import/gnu/arm/5.4.1/bin/../lib/gcc/arm-none-eabi/5.4.1/../../../../arm-none-eabi/lib/armv7-m\libg_nano.a(lib_a-memmove.o)
                0x00002354                memmove
 *fill*         0x0000238a        0x2 
 .text._free_r  0x0000238c       0x98 c:/program files (x86)/cypress/psoc creator/4.2/psoc creator/import/gnu/arm/5.4.1/bin/../lib/gcc/arm-none-eabi/5.4.1/../../../../arm-none-eabi/lib/armv7-m\libg_nano.a(lib_a-nano-freer.o)
                0x0000238c                _free_r
 .text._realloc_r
                0x00002424       0x4c c:/program files (x86)/cypress/psoc creator/4.2/psoc creator/import/gnu/arm/5.4.1/bin/../lib/gcc/arm-none-eabi/5.4.1/../../../../arm-none-eabi/lib/armv7-m\libg_nano.a(lib_a-nano-reallocr.o)
                0x00002424                _realloc_r
 .text._malloc_usable_size_r
                0x00002470       0x14 c:/program files (x86)/cypress/psoc creator/4.2/psoc creator/import/gnu/arm/5.4.1/bin/../lib/gcc/arm-none-eabi/5.4.1/../../../../arm-none-eabi/lib/armv7-m\libg_nano.a(lib_a-nano-msizer.o)
                0x00002470                _malloc_usable_size_r
 *(.plt)
 *(.gnu.warning)
 *(.glue_7t)
 .glue_7t       0x00002484        0x0 linker stubs
 *(.glue_7)
 .glue_7        0x00002484        0x0 linker stubs
 *(.vfp11_veneer)
 .vfp11_veneer  0x00002484        0x0 linker stubs
 *(.bootloader)
 *(.ARM.extab* .gnu.linkonce.armextab.*)
 *(.gcc_except_table)

.v4_bx          0x00002484        0x0
 .v4_bx         0x00002484        0x0 linker stubs

.iplt           0x00002484        0x0
 .iplt          0x00002484        0x0 c:/program files (x86)/cypress/psoc creator/4.2/psoc creator/import/gnu/arm/5.4.1/bin/../lib/gcc/arm-none-eabi/5.4.1/armv7-m/crtbegin.o

.eh_frame_hdr
 *(.eh_frame_hdr)

.eh_frame       0x00002484        0x4
 *(.eh_frame)
 .eh_frame      0x00002484        0x0 c:/program files (x86)/cypress/psoc creator/4.2/psoc creator/import/gnu/arm/5.4.1/bin/../lib/gcc/arm-none-eabi/5.4.1/armv7-m/crtbegin.o
 .eh_frame      0x00002484        0x4 c:/program files (x86)/cypress/psoc creator/4.2/psoc creator/import/gnu/arm/5.4.1/bin/../lib/gcc/arm-none-eabi/5.4.1/armv7-m/crtend.o
                [!provide]                PROVIDE (__exidx_start, .)

.ARM.exidx
 *(.ARM.exidx* .gnu.linkonce.armexidx.*)
                0x00002488                __exidx_end = .

.rodata         0x00002488       0xf0
 *(.rodata .rodata.* .gnu.linkonce.r.*)
 .rodata.str1.4
                0x00002488       0x34 .\CortexM3\ARM_GCC_541\Debug\main.o
                                 0x32 (size before relaxing)
 .rodata        0x000024bc       0x52 .\CortexM3\ARM_GCC_541\Debug\cyfitter_cfg.o
                0x000024bc                ADC_DelSig_1_AMux__addrTable
                0x000024c4                ADC_DelSig_1_AMux__maskTable
 .rodata.str1.1
                0x0000250e        0x2 c:/program files (x86)/cypress/psoc creator/4.2/psoc creator/import/gnu/arm/5.4.1/bin/../lib/gcc/arm-none-eabi/5.4.1/../../../../arm-none-eabi/lib/armv7-m\libg_nano.a(lib_a-impure.o)
 .rodata.str1.1
                0x00002510       0x11 c:/program files (x86)/cypress/psoc creator/4.2/psoc creator/import/gnu/arm/5.4.1/bin/../lib/gcc/arm-none-eabi/5.4.1/../../../../arm-none-eabi/lib/armv7-m\libg_nano.a(lib_a-nano-svfprintf.o)
 .rodata.str1.1
                0x00002521       0x22 c:/program files (x86)/cypress/psoc creator/4.2/psoc creator/import/gnu/arm/5.4.1/bin/../lib/gcc/arm-none-eabi/5.4.1/../../../../arm-none-eabi/lib/armv7-m\libg_nano.a(lib_a-nano-vfprintf_i.o)
                0x00002544                . = ALIGN (0x4)
 *fill*         0x00002543        0x1 
 *(.init)
 .init          0x00002544        0x4 c:/program files (x86)/cypress/psoc creator/4.2/psoc creator/import/gnu/arm/5.4.1/bin/../lib/gcc/arm-none-eabi/5.4.1/armv7-m/crti.o
                0x00002544                _init
 .init          0x00002548        0x8 c:/program files (x86)/cypress/psoc creator/4.2/psoc creator/import/gnu/arm/5.4.1/bin/../lib/gcc/arm-none-eabi/5.4.1/armv7-m/crtn.o
                0x00002550                . = ALIGN (0x4)
                0x00002550                __preinit_array_start = .
 *(.preinit_array)
                0x00002550                __preinit_array_end = .
                0x00002550                . = ALIGN (0x4)
                0x00002550                __init_array_start = .
 *(SORT(.init_array.*))
 *(.init_array)
 .init_array    0x00002550        0x4 c:/program files (x86)/cypress/psoc creator/4.2/psoc creator/import/gnu/arm/5.4.1/bin/../lib/gcc/arm-none-eabi/5.4.1/armv7-m/crtbegin.o
 .init_array    0x00002554        0x4 .\CortexM3\ARM_GCC_541\Debug\Cm3Start.o
                0x00002558                __init_array_end = .
                0x00002558                . = ALIGN (0x4)
 *(.fini)
 .fini          0x00002558        0x4 c:/program files (x86)/cypress/psoc creator/4.2/psoc creator/import/gnu/arm/5.4.1/bin/../lib/gcc/arm-none-eabi/5.4.1/armv7-m/crti.o
                0x00002558                _fini
 .fini          0x0000255c        0x8 c:/program files (x86)/cypress/psoc creator/4.2/psoc creator/import/gnu/arm/5.4.1/bin/../lib/gcc/arm-none-eabi/5.4.1/armv7-m/crtn.o
                0x00002564                . = ALIGN (0x4)
                0x00002564                __fini_array_start = .
 *(.fini_array)
 .fini_array    0x00002564        0x4 c:/program files (x86)/cypress/psoc creator/4.2/psoc creator/import/gnu/arm/5.4.1/bin/../lib/gcc/arm-none-eabi/5.4.1/armv7-m/crtbegin.o
 *(SORT(.fini_array.*))
                0x00002568                __fini_array_end = .
                0x00002568                . = ALIGN (0x4)
 *crtbegin.o(.ctors)
 *(EXCLUDE_FILE(*crtend.o) .ctors)
 *(SORT(.ctors.*))
 *crtend.o(.ctors)
                0x00002568                . = ALIGN (0x4)
 *crtbegin.o(.dtors)
 *(EXCLUDE_FILE(*crtend.o) .dtors)
 *(SORT(.dtors.*))
 *crtend.o(.dtors)
                0x00002568                . = ALIGN (0x4)
                0x00002568                __cy_regions = .
                0x00002568        0x4 LONG 0x2578 __cy_region_init_ram
                0x0000256c        0x4 LONG 0x1fff80c8 __cy_region_start_data
                0x00002570        0x4 LONG 0xd0 __cy_region_init_size_ram
                0x00002574        0x4 LONG 0x90 __cy_region_zero_size_ram
                0x00002578                __cy_regions_end = .
                0x00002578                . = ALIGN (0x8)
                0x00002578                _etext = .

.cy_checksum_exclude
                0x00002578        0x0
 *(.cy_checksum_exclude)

.ramvectors     0x1fff8000       0xc0
                0x1fff8000                __cy_region_start_ram = .
 *(.ramvectors)
 .ramvectors    0x1fff8000       0xc0 .\CortexM3\ARM_GCC_541\Debug\Cm3Start.o
                0x1fff8000                CyRamVectors

.noinit         0x1fff80c0        0x1
 *(.noinit)
 .noinit        0x1fff80c0        0x1 .\CortexM3\ARM_GCC_541\Debug\NixieClock.a(CyLib.o)
                0x1fff80c0                CyResetStatus

.data           0x1fff80c8       0xd0 load address 0x00002578
                0x1fff80c8                __cy_region_start_data = .
 *(.jcr)
 .jcr           0x1fff80c8        0x0 c:/program files (x86)/cypress/psoc creator/4.2/psoc creator/import/gnu/arm/5.4.1/bin/../lib/gcc/arm-none-eabi/5.4.1/armv7-m/crtbegin.o
 .jcr           0x1fff80c8        0x4 c:/program files (x86)/cypress/psoc creator/4.2/psoc creator/import/gnu/arm/5.4.1/bin/../lib/gcc/arm-none-eabi/5.4.1/armv7-m/crtend.o
 *(.got.plt)
 *(.got)
 *(.shdata)
 *(.data .data.* .gnu.linkonce.d.*)
 .data          0x1fff80cc       0x44 .\CortexM3\ARM_GCC_541\Debug\main.o
                0x1fff80cc                decimal_lookup
                0x1fff80f8                ind_lookup
                0x1fff8108                initbuf
 .data          0x1fff8110        0x4 .\CortexM3\ARM_GCC_541\Debug\Cm3Start.o
 .data          0x1fff8114       0x10 .\CortexM3\ARM_GCC_541\Debug\NixieClock.a(CyLib.o)
                0x1fff8114                cydelay_32k_ms
                0x1fff8118                cydelay_freq_khz
                0x1fff811c                cydelay_freq_mhz
                0x1fff8120                cydelay_freq_hz
 .data          0x1fff8124        0x1 .\CortexM3\ARM_GCC_541\Debug\NixieClock.a(ADC_DelSig_1.o)
                0x1fff8124                ADC_DelSig_1_Config
 .data          0x1fff8125        0x1 .\CortexM3\ARM_GCC_541\Debug\NixieClock.a(ADC_DelSig_1_AMux.o)
 *fill*         0x1fff8126        0x2 
 .data          0x1fff8128        0xc .\CortexM3\ARM_GCC_541\Debug\NixieClock.a(UART_1.o)
                0x1fff8128                UART_1_pinDrAdress
                0x1fff812c                UART_1_pinPortNumber
                0x1fff8130                UART_1_pinNumber
 .data.impure_data
                0x1fff8134       0x60 c:/program files (x86)/cypress/psoc creator/4.2/psoc creator/import/gnu/arm/5.4.1/bin/../lib/gcc/arm-none-eabi/5.4.1/../../../../arm-none-eabi/lib/armv7-m\libg_nano.a(lib_a-impure.o)
 .data._impure_ptr
                0x1fff8194        0x4 c:/program files (x86)/cypress/psoc creator/4.2/psoc creator/import/gnu/arm/5.4.1/bin/../lib/gcc/arm-none-eabi/5.4.1/../../../../arm-none-eabi/lib/armv7-m\libg_nano.a(lib_a-impure.o)
                0x1fff8194                _impure_ptr
                0x1fff8198                . = ALIGN (0x8)
 *(.ram)
                0x1fff8198                _edata = .

.igot.plt       0x1fff8198        0x0 load address 0x00002648
 .igot.plt      0x1fff8198        0x0 c:/program files (x86)/cypress/psoc creator/4.2/psoc creator/import/gnu/arm/5.4.1/bin/../lib/gcc/arm-none-eabi/5.4.1/armv7-m/crtbegin.o

.bss            0x1fff8198       0x90 load address 0x00002648
                0x1fff8198                PROVIDE (__bss_start__, .)
 *(.shbss)
 *(.bss .bss.* .gnu.linkonce.b.*)
 .bss           0x1fff8198       0x1c c:/program files (x86)/cypress/psoc creator/4.2/psoc creator/import/gnu/arm/5.4.1/bin/../lib/gcc/arm-none-eabi/5.4.1/armv7-m/crtbegin.o
 .bss           0x1fff81b4       0x1e .\CortexM3\ARM_GCC_541\Debug\main.o
                0x1fff81b4                ms_count
                0x1fff81b8                data1
                0x1fff81bc                tube1
                0x1fff81bd                tube2
                0x1fff81be                indicator1
                0x1fff81c0                data2
                0x1fff81c4                tube3
                0x1fff81c5                tube4
                0x1fff81c6                indicator2
                0x1fff81c8                data3
                0x1fff81cc                tube5
                0x1fff81cd                tube6
                0x1fff81ce                indicator3
                0x1fff81d0                txbuf
                0x1fff81d1                timer_flag
 .bss           0x1fff81d2        0x1 .\CortexM3\ARM_GCC_541\Debug\NixieClock.a(SPIM_1.o)
                0x1fff81d2                SPIM_1_initVar
 .bss           0x1fff81d3        0x1 .\CortexM3\ARM_GCC_541\Debug\NixieClock.a(PWM_1.o)
                0x1fff81d3                PWM_1_initVar
 .bss           0x1fff81d4        0x1 .\CortexM3\ARM_GCC_541\Debug\NixieClock.a(Timer_1.o)
                0x1fff81d4                Timer_1_initVar
 .bss           0x1fff81d5        0x1 .\CortexM3\ARM_GCC_541\Debug\NixieClock.a(I2C_1.o)
                0x1fff81d5                I2C_1_initVar
 *fill*         0x1fff81d6        0x2 
 .bss           0x1fff81d8       0x18 .\CortexM3\ARM_GCC_541\Debug\NixieClock.a(ADC_DelSig_1.o)
                0x1fff81e8                ADC_DelSig_1_stopConversion
                0x1fff81e9                ADC_DelSig_1_convDone
                0x1fff81ea                ADC_DelSig_1_initVar
                0x1fff81eb                ADC_DelSig_1_started
                0x1fff81ec                ADC_DelSig_1_Offset
 .bss.__malloc_sbrk_start
                0x1fff81f0        0x4 c:/program files (x86)/cypress/psoc creator/4.2/psoc creator/import/gnu/arm/5.4.1/bin/../lib/gcc/arm-none-eabi/5.4.1/../../../../arm-none-eabi/lib/armv7-m\libg_nano.a(lib_a-nano-mallocr.o)
                0x1fff81f0                __malloc_sbrk_start
 .bss.__malloc_free_list
                0x1fff81f4        0x4 c:/program files (x86)/cypress/psoc creator/4.2/psoc creator/import/gnu/arm/5.4.1/bin/../lib/gcc/arm-none-eabi/5.4.1/../../../../arm-none-eabi/lib/armv7-m\libg_nano.a(lib_a-nano-mallocr.o)
                0x1fff81f4                __malloc_free_list
 *(COMMON)
 COMMON         0x1fff81f8       0x12 .\CortexM3\ARM_GCC_541\Debug\main.o
                0x1fff81f8                rxbuf
                0x1fff8200                hour1
                0x1fff8201                output
                0x1fff8202                hour2
                0x1fff8203                minute2
                0x1fff8204                seconds
                0x1fff8205                second2
                0x1fff8206                minute1
                0x1fff8207                minutes
                0x1fff8208                hours
                0x1fff8209                second1
 COMMON         0x1fff820a        0x1 .\CortexM3\ARM_GCC_541\Debug\NixieClock.a(I2C_1.o)
                0x1fff820a                I2C_1_state
 *fill*         0x1fff820b        0x1 
 COMMON         0x1fff820c       0x11 .\CortexM3\ARM_GCC_541\Debug\NixieClock.a(I2C_1_MASTER.o)
                0x1fff820c                I2C_1_mstrWrBufIndex
                0x1fff820d                I2C_1_mstrControl
                0x1fff820e                I2C_1_mstrStatus
                0x1fff820f                I2C_1_mstrWrBufSize
                0x1fff8210                I2C_1_mstrRdBufIndex
                0x1fff8214                I2C_1_mstrWrBufPtr
                0x1fff8218                I2C_1_mstrRdBufPtr
                0x1fff821c                I2C_1_mstrRdBufSize
 *fill*         0x1fff821d        0x3 
 COMMON         0x1fff8220        0x4 .\CortexM3\ARM_GCC_541\Debug\NixieClock.a(ADC_DelSig_1.o)
                0x1fff8220                ADC_DelSig_1_CountsPerVolt
 COMMON         0x1fff8224        0x4 c:/program files (x86)/cypress/psoc creator/4.2/psoc creator/import/gnu/arm/5.4.1/bin/../lib/gcc/arm-none-eabi/5.4.1/../../../../arm-none-eabi/lib/armv7-m\libg_nano.a(lib_a-reent.o)
                0x1fff8224                errno
                0x1fff8228                . = ALIGN (0x8)
 *(.ram.b)
                0x1fff8228                _end = .
                0x1fff8228                __end = .
                0x1fff8228                PROVIDE (end, .)
                0x1fff8228                PROVIDE (__bss_end__, .)
                0x00002578                __cy_region_init_ram = LOADADDR (.data)
                0x000000d0                __cy_region_init_size_ram = (_edata - ADDR (.data))
                0x00000090                __cy_region_zero_size_ram = (_end - _edata)

.heap           0x1fff8228       0x80 load address 0x00002648
                0x1fff8228                . = _end
                0x1fff82a8                . = (. + 0x80)
 *fill*         0x1fff8228       0x80 
                0x1fff82a8                __cy_heap_limit = .

.stack          0x20007800      0x800
                0x20007800                __cy_stack_limit = .
                0x20008000                . = (. + 0x800)
 *fill*         0x20007800      0x800 
                0x00000001                ASSERT ((__cy_stack_limit >= __cy_heap_limit), region RAM overflowed with stack)
                0x00000000                cy_checksum_exclude_size = (CY_APPL_LOADABLE == 0x1)?SIZEOF (.cy_checksum_exclude):0x0
                0x00000001                ASSERT ((cy_checksum_exclude_size <= CY_CHECKSUM_EXCLUDE_SIZE), CY_BOOT: Section .cy_checksum_exclude size exceedes specified limit.)

.cyloadermeta
 *(.cyloadermeta)

.cyloadablemeta
 *(.cyloadablemeta)

.cyconfigecc    0x80000000      0x38c
 *(.cyconfigecc)
 .cyconfigecc   0x80000000      0x38c .\CortexM3\ARM_GCC_541\Debug\cymetadata.o
                0x80000000                cy_meta_configecc

.cycustnvl      0x90000000        0x4
 *(.cycustnvl)
 .cycustnvl     0x90000000        0x4 .\CortexM3\ARM_GCC_541\Debug\cymetadata.o
                0x90000000                cy_meta_custnvl

.cywolatch      0x90100000        0x4
 *(.cywolatch)
 .cywolatch     0x90100000        0x4 .\CortexM3\ARM_GCC_541\Debug\cymetadata.o
                0x90100000                cy_meta_wonvl

.cyeeprom       0x90200000        0x0
 *(.cyeeprom)
                0x00000001                ASSERT ((. <= ((0x90200000 + ee_offset) + ee_size)), .cyeeprom data will not fit in EEPROM)

.cyflashprotect
                0x90400000      0x100
 *(.cyflashprotect)
 .cyflashprotect
                0x90400000      0x100 .\CortexM3\ARM_GCC_541\Debug\cymetadata.o
                0x90400000                cy_meta_flashprotect

.cymeta         0x90500000        0xc
 *(.cymeta)
 .cymeta        0x90500000        0xc .\CortexM3\ARM_GCC_541\Debug\cymetadata.o
                0x90500000                cy_metadata

.rel.dyn        0x00002648        0x0 load address 0x9050000c
 .rel.iplt      0x00002648        0x0 c:/program files (x86)/cypress/psoc creator/4.2/psoc creator/import/gnu/arm/5.4.1/bin/../lib/gcc/arm-none-eabi/5.4.1/armv7-m/crtbegin.o

.stab
 *(.stab)

.stabstr
 *(.stabstr)

.debug
 *(.debug)

.line
 *(.line)

.debug_srcinfo
 *(.debug_srcinfo)

.debug_sfnames
 *(.debug_sfnames)

.debug_aranges  0x00000000      0xbe8
 *(.debug_aranges)
 .debug_aranges
                0x00000000       0x50 .\CortexM3\ARM_GCC_541\Debug\main.o
 .debug_aranges
                0x00000050       0x68 .\CortexM3\ARM_GCC_541\Debug\cyfitter_cfg.o
 .debug_aranges
                0x000000b8       0x18 .\CortexM3\ARM_GCC_541\Debug\cymetadata.o
 .debug_aranges
                0x000000d0       0x48 .\CortexM3\ARM_GCC_541\Debug\Cm3Start.o
 .debug_aranges
                0x00000118       0xd8 .\CortexM3\ARM_GCC_541\Debug\NixieClock.a(SPIM_1.o)
 .debug_aranges
                0x000001f0      0x2a0 .\CortexM3\ARM_GCC_541\Debug\NixieClock.a(CyLib.o)
 .debug_aranges
                0x00000490       0x98 .\CortexM3\ARM_GCC_541\Debug\NixieClock.a(cyPm.o)
 .debug_aranges
                0x00000528       0x98 .\CortexM3\ARM_GCC_541\Debug\NixieClock.a(PWM_1.o)
 .debug_aranges
                0x000005c0       0x38 .\CortexM3\ARM_GCC_541\Debug\NixieClock.a(LD.o)
 .debug_aranges
                0x000005f8       0x88 .\CortexM3\ARM_GCC_541\Debug\NixieClock.a(Timer_1.o)
 .debug_aranges
                0x00000680       0x80 .\CortexM3\ARM_GCC_541\Debug\NixieClock.a(isr_1.o)
 .debug_aranges
                0x00000700       0x38 .\CortexM3\ARM_GCC_541\Debug\NixieClock.a(I2C_1.o)
 .debug_aranges
                0x00000738       0x20 .\CortexM3\ARM_GCC_541\Debug\NixieClock.a(I2C_1_INT.o)
 .debug_aranges
                0x00000758       0x38 .\CortexM3\ARM_GCC_541\Debug\NixieClock.a(I2C_1_PM.o)
 .debug_aranges
                0x00000790       0x80 .\CortexM3\ARM_GCC_541\Debug\NixieClock.a(I2C_1_MASTER.o)
 .debug_aranges
                0x00000810       0xe8 .\CortexM3\ARM_GCC_541\Debug\NixieClock.a(ADC_DelSig_1.o)
 .debug_aranges
                0x000008f8       0x38 .\CortexM3\ARM_GCC_541\Debug\NixieClock.a(ADC_DelSig_1_INT.o)
 .debug_aranges
                0x00000930       0x30 .\CortexM3\ARM_GCC_541\Debug\NixieClock.a(ADC_DelSig_1_AMux.o)
 .debug_aranges
                0x00000960       0x70 .\CortexM3\ARM_GCC_541\Debug\NixieClock.a(ADC_DelSig_1_Ext_CP_Clk.o)
 .debug_aranges
                0x000009d0       0x80 .\CortexM3\ARM_GCC_541\Debug\NixieClock.a(ADC_DelSig_1_theACLK.o)
 .debug_aranges
                0x00000a50       0x50 .\CortexM3\ARM_GCC_541\Debug\NixieClock.a(UART_1.o)
 .debug_aranges
                0x00000aa0       0x20 .\CortexM3\ARM_GCC_541\Debug\NixieClock.a(CyBootAsmGnu.o)
 .debug_aranges
                0x00000ac0       0x20 .\CortexM3\ARM_GCC_541\Debug\NixieClock.a(UART_1_AsmGnu.o)
 .debug_aranges
                0x00000ae0       0x88 .\CortexM3\ARM_GCC_541\Debug\NixieClock.a(CyFlash.o)
 .debug_aranges
                0x00000b68       0x80 .\CortexM3\ARM_GCC_541\Debug\NixieClock.a(CySpc.o)

.debug_pubnames
 *(.debug_pubnames)

.debug_info     0x00000000     0x6f6d
 *(.debug_info .gnu.linkonce.wi.*)
 .debug_info    0x00000000      0xad4 .\CortexM3\ARM_GCC_541\Debug\main.o
 .debug_info    0x00000ad4      0x68d .\CortexM3\ARM_GCC_541\Debug\cyfitter_cfg.o
 .debug_info    0x00001161      0x135 .\CortexM3\ARM_GCC_541\Debug\cymetadata.o
 .debug_info    0x00001296      0x3bb .\CortexM3\ARM_GCC_541\Debug\Cm3Start.o
 .debug_info    0x00001651      0x493 .\CortexM3\ARM_GCC_541\Debug\NixieClock.a(SPIM_1.o)
 .debug_info    0x00001ae4     0x1374 .\CortexM3\ARM_GCC_541\Debug\NixieClock.a(CyLib.o)
 .debug_info    0x00002e58      0xa2a .\CortexM3\ARM_GCC_541\Debug\NixieClock.a(cyPm.o)
 .debug_info    0x00003882      0x334 .\CortexM3\ARM_GCC_541\Debug\NixieClock.a(PWM_1.o)
 .debug_info    0x00003bb6      0x11f .\CortexM3\ARM_GCC_541\Debug\NixieClock.a(LD.o)
 .debug_info    0x00003cd5      0x295 .\CortexM3\ARM_GCC_541\Debug\NixieClock.a(Timer_1.o)
 .debug_info    0x00003f6a      0x2d2 .\CortexM3\ARM_GCC_541\Debug\NixieClock.a(isr_1.o)
 .debug_info    0x0000423c      0x2ad .\CortexM3\ARM_GCC_541\Debug\NixieClock.a(I2C_1.o)
 .debug_info    0x000044e9      0x184 .\CortexM3\ARM_GCC_541\Debug\NixieClock.a(I2C_1_INT.o)
 .debug_info    0x0000466d      0x207 .\CortexM3\ARM_GCC_541\Debug\NixieClock.a(I2C_1_PM.o)
 .debug_info    0x00004874      0x407 .\CortexM3\ARM_GCC_541\Debug\NixieClock.a(I2C_1_MASTER.o)
 .debug_info    0x00004c7b      0xbf1 .\CortexM3\ARM_GCC_541\Debug\NixieClock.a(ADC_DelSig_1.o)
 .debug_info    0x0000586c       0xd3 .\CortexM3\ARM_GCC_541\Debug\NixieClock.a(ADC_DelSig_1_INT.o)
 .debug_info    0x0000593f      0x165 .\CortexM3\ARM_GCC_541\Debug\NixieClock.a(ADC_DelSig_1_AMux.o)
 .debug_info    0x00005aa4      0x283 .\CortexM3\ARM_GCC_541\Debug\NixieClock.a(ADC_DelSig_1_Ext_CP_Clk.o)
 .debug_info    0x00005d27      0x2c4 .\CortexM3\ARM_GCC_541\Debug\NixieClock.a(ADC_DelSig_1_theACLK.o)
 .debug_info    0x00005feb      0x2c4 .\CortexM3\ARM_GCC_541\Debug\NixieClock.a(UART_1.o)
 .debug_info    0x000062af       0x90 .\CortexM3\ARM_GCC_541\Debug\NixieClock.a(CyBootAsmGnu.o)
 .debug_info    0x0000633f       0x91 .\CortexM3\ARM_GCC_541\Debug\NixieClock.a(UART_1_AsmGnu.o)
 .debug_info    0x000063d0      0x64d .\CortexM3\ARM_GCC_541\Debug\NixieClock.a(CyFlash.o)
 .debug_info    0x00006a1d      0x550 .\CortexM3\ARM_GCC_541\Debug\NixieClock.a(CySpc.o)

.debug_abbrev   0x00000000     0x1d4e
 *(.debug_abbrev)
 .debug_abbrev  0x00000000      0x1be .\CortexM3\ARM_GCC_541\Debug\main.o
 .debug_abbrev  0x000001be      0x22d .\CortexM3\ARM_GCC_541\Debug\cyfitter_cfg.o
 .debug_abbrev  0x000003eb       0x66 .\CortexM3\ARM_GCC_541\Debug\cymetadata.o
 .debug_abbrev  0x00000451      0x1e8 .\CortexM3\ARM_GCC_541\Debug\Cm3Start.o
 .debug_abbrev  0x00000639      0x146 .\CortexM3\ARM_GCC_541\Debug\NixieClock.a(SPIM_1.o)
 .debug_abbrev  0x0000077f      0x254 .\CortexM3\ARM_GCC_541\Debug\NixieClock.a(CyLib.o)
 .debug_abbrev  0x000009d3      0x1ab .\CortexM3\ARM_GCC_541\Debug\NixieClock.a(cyPm.o)
 .debug_abbrev  0x00000b7e      0x133 .\CortexM3\ARM_GCC_541\Debug\NixieClock.a(PWM_1.o)
 .debug_abbrev  0x00000cb1       0x90 .\CortexM3\ARM_GCC_541\Debug\NixieClock.a(LD.o)
 .debug_abbrev  0x00000d41      0x11a .\CortexM3\ARM_GCC_541\Debug\NixieClock.a(Timer_1.o)
 .debug_abbrev  0x00000e5b      0x173 .\CortexM3\ARM_GCC_541\Debug\NixieClock.a(isr_1.o)
 .debug_abbrev  0x00000fce      0x10a .\CortexM3\ARM_GCC_541\Debug\NixieClock.a(I2C_1.o)
 .debug_abbrev  0x000010d8       0xb6 .\CortexM3\ARM_GCC_541\Debug\NixieClock.a(I2C_1_INT.o)
 .debug_abbrev  0x0000118e       0xfe .\CortexM3\ARM_GCC_541\Debug\NixieClock.a(I2C_1_PM.o)
 .debug_abbrev  0x0000128c      0x13c .\CortexM3\ARM_GCC_541\Debug\NixieClock.a(I2C_1_MASTER.o)
 .debug_abbrev  0x000013c8      0x1cd .\CortexM3\ARM_GCC_541\Debug\NixieClock.a(ADC_DelSig_1.o)
 .debug_abbrev  0x00001595       0x42 .\CortexM3\ARM_GCC_541\Debug\NixieClock.a(ADC_DelSig_1_INT.o)
 .debug_abbrev  0x000015d7       0xb1 .\CortexM3\ARM_GCC_541\Debug\NixieClock.a(ADC_DelSig_1_AMux.o)
 .debug_abbrev  0x00001688      0x139 .\CortexM3\ARM_GCC_541\Debug\NixieClock.a(ADC_DelSig_1_Ext_CP_Clk.o)
 .debug_abbrev  0x000017c1      0x121 .\CortexM3\ARM_GCC_541\Debug\NixieClock.a(ADC_DelSig_1_theACLK.o)
 .debug_abbrev  0x000018e2      0x109 .\CortexM3\ARM_GCC_541\Debug\NixieClock.a(UART_1.o)
 .debug_abbrev  0x000019eb       0x14 .\CortexM3\ARM_GCC_541\Debug\NixieClock.a(CyBootAsmGnu.o)
 .debug_abbrev  0x000019ff       0x14 .\CortexM3\ARM_GCC_541\Debug\NixieClock.a(UART_1_AsmGnu.o)
 .debug_abbrev  0x00001a13      0x1a7 .\CortexM3\ARM_GCC_541\Debug\NixieClock.a(CyFlash.o)
 .debug_abbrev  0x00001bba      0x194 .\CortexM3\ARM_GCC_541\Debug\NixieClock.a(CySpc.o)

.debug_line     0x00000000     0x2e2d
 *(.debug_line)
 .debug_line    0x00000000      0x2cb .\CortexM3\ARM_GCC_541\Debug\main.o
 .debug_line    0x000002cb      0x224 .\CortexM3\ARM_GCC_541\Debug\cyfitter_cfg.o
 .debug_line    0x000004ef      0x141 .\CortexM3\ARM_GCC_541\Debug\cymetadata.o
 .debug_line    0x00000630      0x234 .\CortexM3\ARM_GCC_541\Debug\Cm3Start.o
 .debug_line    0x00000864      0x230 .\CortexM3\ARM_GCC_541\Debug\NixieClock.a(SPIM_1.o)
 .debug_line    0x00000a94      0x816 .\CortexM3\ARM_GCC_541\Debug\NixieClock.a(CyLib.o)
 .debug_line    0x000012aa      0x367 .\CortexM3\ARM_GCC_541\Debug\NixieClock.a(cyPm.o)
 .debug_line    0x00001611      0x185 .\CortexM3\ARM_GCC_541\Debug\NixieClock.a(PWM_1.o)
 .debug_line    0x00001796       0x8f .\CortexM3\ARM_GCC_541\Debug\NixieClock.a(LD.o)
 .debug_line    0x00001825      0x155 .\CortexM3\ARM_GCC_541\Debug\NixieClock.a(Timer_1.o)
 .debug_line    0x0000197a      0x132 .\CortexM3\ARM_GCC_541\Debug\NixieClock.a(isr_1.o)
 .debug_line    0x00001aac       0xdf .\CortexM3\ARM_GCC_541\Debug\NixieClock.a(I2C_1.o)
 .debug_line    0x00001b8b      0x118 .\CortexM3\ARM_GCC_541\Debug\NixieClock.a(I2C_1_INT.o)
 .debug_line    0x00001ca3       0xbf .\CortexM3\ARM_GCC_541\Debug\NixieClock.a(I2C_1_PM.o)
 .debug_line    0x00001d62      0x201 .\CortexM3\ARM_GCC_541\Debug\NixieClock.a(I2C_1_MASTER.o)
 .debug_line    0x00001f63      0x3fb .\CortexM3\ARM_GCC_541\Debug\NixieClock.a(ADC_DelSig_1.o)
 .debug_line    0x0000235e       0x89 .\CortexM3\ARM_GCC_541\Debug\NixieClock.a(ADC_DelSig_1_INT.o)
 .debug_line    0x000023e7       0xb5 .\CortexM3\ARM_GCC_541\Debug\NixieClock.a(ADC_DelSig_1_AMux.o)
 .debug_line    0x0000249c      0x186 .\CortexM3\ARM_GCC_541\Debug\NixieClock.a(ADC_DelSig_1_Ext_CP_Clk.o)
 .debug_line    0x00002622      0x1a6 .\CortexM3\ARM_GCC_541\Debug\NixieClock.a(ADC_DelSig_1_theACLK.o)
 .debug_line    0x000027c8       0xea .\CortexM3\ARM_GCC_541\Debug\NixieClock.a(UART_1.o)
 .debug_line    0x000028b2       0x66 .\CortexM3\ARM_GCC_541\Debug\NixieClock.a(CyBootAsmGnu.o)
 .debug_line    0x00002918       0x9b .\CortexM3\ARM_GCC_541\Debug\NixieClock.a(UART_1_AsmGnu.o)
 .debug_line    0x000029b3      0x21a .\CortexM3\ARM_GCC_541\Debug\NixieClock.a(CyFlash.o)
 .debug_line    0x00002bcd      0x260 .\CortexM3\ARM_GCC_541\Debug\NixieClock.a(CySpc.o)

.debug_frame    0x00000000     0x20f4
 *(.debug_frame)
 .debug_frame   0x00000000       0xdc .\CortexM3\ARM_GCC_541\Debug\main.o
 .debug_frame   0x000000dc      0x104 .\CortexM3\ARM_GCC_541\Debug\cyfitter_cfg.o
 .debug_frame   0x000001e0       0xb8 .\CortexM3\ARM_GCC_541\Debug\Cm3Start.o
 .debug_frame   0x00000298      0x1e8 .\CortexM3\ARM_GCC_541\Debug\NixieClock.a(SPIM_1.o)
 .debug_frame   0x00000480      0x738 .\CortexM3\ARM_GCC_541\Debug\NixieClock.a(CyLib.o)
 .debug_frame   0x00000bb8      0x1f8 .\CortexM3\ARM_GCC_541\Debug\NixieClock.a(cyPm.o)
 .debug_frame   0x00000db0      0x134 .\CortexM3\ARM_GCC_541\Debug\NixieClock.a(PWM_1.o)
 .debug_frame   0x00000ee4       0x50 .\CortexM3\ARM_GCC_541\Debug\NixieClock.a(LD.o)
 .debug_frame   0x00000f34      0x108 .\CortexM3\ARM_GCC_541\Debug\NixieClock.a(Timer_1.o)
 .debug_frame   0x0000103c      0x104 .\CortexM3\ARM_GCC_541\Debug\NixieClock.a(isr_1.o)
 .debug_frame   0x00001140       0x94 .\CortexM3\ARM_GCC_541\Debug\NixieClock.a(I2C_1.o)
 .debug_frame   0x000011d4       0x30 .\CortexM3\ARM_GCC_541\Debug\NixieClock.a(I2C_1_INT.o)
 .debug_frame   0x00001204       0x74 .\CortexM3\ARM_GCC_541\Debug\NixieClock.a(I2C_1_PM.o)
 .debug_frame   0x00001278      0x138 .\CortexM3\ARM_GCC_541\Debug\NixieClock.a(I2C_1_MASTER.o)
 .debug_frame   0x000013b0      0x284 .\CortexM3\ARM_GCC_541\Debug\NixieClock.a(ADC_DelSig_1.o)
 .debug_frame   0x00001634       0x50 .\CortexM3\ARM_GCC_541\Debug\NixieClock.a(ADC_DelSig_1_INT.o)
 .debug_frame   0x00001684       0x64 .\CortexM3\ARM_GCC_541\Debug\NixieClock.a(ADC_DelSig_1_AMux.o)
 .debug_frame   0x000016e8       0xe0 .\CortexM3\ARM_GCC_541\Debug\NixieClock.a(ADC_DelSig_1_Ext_CP_Clk.o)
 .debug_frame   0x000017c8      0x100 .\CortexM3\ARM_GCC_541\Debug\NixieClock.a(ADC_DelSig_1_theACLK.o)
 .debug_frame   0x000018c8       0xc8 .\CortexM3\ARM_GCC_541\Debug\NixieClock.a(UART_1.o)
 .debug_frame   0x00001990      0x194 .\CortexM3\ARM_GCC_541\Debug\NixieClock.a(CyFlash.o)
 .debug_frame   0x00001b24      0x180 .\CortexM3\ARM_GCC_541\Debug\NixieClock.a(CySpc.o)
 .debug_frame   0x00001ca4       0x20 c:/program files (x86)/cypress/psoc creator/4.2/psoc creator/import/gnu/arm/5.4.1/bin/../lib/gcc/arm-none-eabi/5.4.1/armv7-m\libgcc.a(_udivsi3.o)
 .debug_frame   0x00001cc4       0x20 c:/program files (x86)/cypress/psoc creator/4.2/psoc creator/import/gnu/arm/5.4.1/bin/../lib/gcc/arm-none-eabi/5.4.1/../../../../arm-none-eabi/lib/armv7-m\libg_nano.a(lib_a-calloc.o)
 .debug_frame   0x00001ce4       0x20 c:/program files (x86)/cypress/psoc creator/4.2/psoc creator/import/gnu/arm/5.4.1/bin/../lib/gcc/arm-none-eabi/5.4.1/../../../../arm-none-eabi/lib/armv7-m\libg_nano.a(lib_a-errno.o)
 .debug_frame   0x00001d04       0x28 c:/program files (x86)/cypress/psoc creator/4.2/psoc creator/import/gnu/arm/5.4.1/bin/../lib/gcc/arm-none-eabi/5.4.1/../../../../arm-none-eabi/lib/armv7-m\libg_nano.a(lib_a-exit.o)
 .debug_frame   0x00001d2c       0x2c c:/program files (x86)/cypress/psoc creator/4.2/psoc creator/import/gnu/arm/5.4.1/bin/../lib/gcc/arm-none-eabi/5.4.1/../../../../arm-none-eabi/lib/armv7-m\libg_nano.a(lib_a-init.o)
 .debug_frame   0x00001d58       0x28 c:/program files (x86)/cypress/psoc creator/4.2/psoc creator/import/gnu/arm/5.4.1/bin/../lib/gcc/arm-none-eabi/5.4.1/../../../../arm-none-eabi/lib/armv7-m\libg_nano.a(lib_a-memcpy-stub.o)
 .debug_frame   0x00001d80       0x20 c:/program files (x86)/cypress/psoc creator/4.2/psoc creator/import/gnu/arm/5.4.1/bin/../lib/gcc/arm-none-eabi/5.4.1/../../../../arm-none-eabi/lib/armv7-m\libg_nano.a(lib_a-memset.o)
 .debug_frame   0x00001da0       0x2c c:/program files (x86)/cypress/psoc creator/4.2/psoc creator/import/gnu/arm/5.4.1/bin/../lib/gcc/arm-none-eabi/5.4.1/../../../../arm-none-eabi/lib/armv7-m\libg_nano.a(lib_a-nano-callocr.o)
 .debug_frame   0x00001dcc       0x2c c:/program files (x86)/cypress/psoc creator/4.2/psoc creator/import/gnu/arm/5.4.1/bin/../lib/gcc/arm-none-eabi/5.4.1/../../../../arm-none-eabi/lib/armv7-m\libg_nano.a(lib_a-nano-mallocr.o)
 .debug_frame   0x00001df8       0x2c c:/program files (x86)/cypress/psoc creator/4.2/psoc creator/import/gnu/arm/5.4.1/bin/../lib/gcc/arm-none-eabi/5.4.1/../../../../arm-none-eabi/lib/armv7-m\libg_nano.a(lib_a-sbrkr.o)
 .debug_frame   0x00001e24       0x70 c:/program files (x86)/cypress/psoc creator/4.2/psoc creator/import/gnu/arm/5.4.1/bin/../lib/gcc/arm-none-eabi/5.4.1/../../../../arm-none-eabi/lib/armv7-m\libg_nano.a(lib_a-sprintf.o)
 .debug_frame   0x00001e94       0x30 c:/program files (x86)/cypress/psoc creator/4.2/psoc creator/import/gnu/arm/5.4.1/bin/../lib/gcc/arm-none-eabi/5.4.1/../../../../arm-none-eabi/lib/armv7-m\libg_nano.a(lib_a-mlock.o)
 .debug_frame   0x00001ec4       0x90 c:/program files (x86)/cypress/psoc creator/4.2/psoc creator/import/gnu/arm/5.4.1/bin/../lib/gcc/arm-none-eabi/5.4.1/../../../../arm-none-eabi/lib/armv7-m\libg_nano.a(lib_a-nano-svfprintf.o)
 .debug_frame   0x00001f54       0x60 c:/program files (x86)/cypress/psoc creator/4.2/psoc creator/import/gnu/arm/5.4.1/bin/../lib/gcc/arm-none-eabi/5.4.1/../../../../arm-none-eabi/lib/armv7-m\libg_nano.a(lib_a-nano-vfprintf_i.o)
 .debug_frame   0x00001fb4       0x5c c:/program files (x86)/cypress/psoc creator/4.2/psoc creator/import/gnu/arm/5.4.1/bin/../lib/gcc/arm-none-eabi/5.4.1/../../../../arm-none-eabi/lib/armv7-m\libg_nano.a(lib_a-reent.o)
 .debug_frame   0x00002010       0x28 c:/program files (x86)/cypress/psoc creator/4.2/psoc creator/import/gnu/arm/5.4.1/bin/../lib/gcc/arm-none-eabi/5.4.1/../../../../arm-none-eabi/lib/armv7-m\libg_nano.a(lib_a-memchr-stub.o)
 .debug_frame   0x00002038       0x28 c:/program files (x86)/cypress/psoc creator/4.2/psoc creator/import/gnu/arm/5.4.1/bin/../lib/gcc/arm-none-eabi/5.4.1/../../../../arm-none-eabi/lib/armv7-m\libg_nano.a(lib_a-memmove.o)
 .debug_frame   0x00002060       0x38 c:/program files (x86)/cypress/psoc creator/4.2/psoc creator/import/gnu/arm/5.4.1/bin/../lib/gcc/arm-none-eabi/5.4.1/../../../../arm-none-eabi/lib/armv7-m\libg_nano.a(lib_a-nano-freer.o)
 .debug_frame   0x00002098       0x3c c:/program files (x86)/cypress/psoc creator/4.2/psoc creator/import/gnu/arm/5.4.1/bin/../lib/gcc/arm-none-eabi/5.4.1/../../../../arm-none-eabi/lib/armv7-m\libg_nano.a(lib_a-nano-reallocr.o)
 .debug_frame   0x000020d4       0x20 c:/program files (x86)/cypress/psoc creator/4.2/psoc creator/import/gnu/arm/5.4.1/bin/../lib/gcc/arm-none-eabi/5.4.1/../../../../arm-none-eabi/lib/armv7-m\libg_nano.a(lib_a-nano-msizer.o)

.debug_str      0x00000000     0x2902
 *(.debug_str)
 .debug_str     0x00000000      0x430 .\CortexM3\ARM_GCC_541\Debug\main.o
                                0x491 (size before relaxing)
 .debug_str     0x00000430      0x219 .\CortexM3\ARM_GCC_541\Debug\cyfitter_cfg.o
                                0x3b4 (size before relaxing)
 .debug_str     0x00000649       0x75 .\CortexM3\ARM_GCC_541\Debug\cymetadata.o
                                0x1e4 (size before relaxing)
 .debug_str     0x000006be      0x144 .\CortexM3\ARM_GCC_541\Debug\Cm3Start.o
                                0x30a (size before relaxing)
 .debug_str     0x00000802      0x272 .\CortexM3\ARM_GCC_541\Debug\NixieClock.a(SPIM_1.o)
                                0x41d (size before relaxing)
 .debug_str     0x00000a74      0x801 .\CortexM3\ARM_GCC_541\Debug\NixieClock.a(CyLib.o)
                                0xa47 (size before relaxing)
 .debug_str     0x00001275      0x365 .\CortexM3\ARM_GCC_541\Debug\NixieClock.a(cyPm.o)
                                0x733 (size before relaxing)
 .debug_str     0x000015da      0x178 .\CortexM3\ARM_GCC_541\Debug\NixieClock.a(PWM_1.o)
                                0x351 (size before relaxing)
 .debug_str     0x00001752       0x4e .\CortexM3\ARM_GCC_541\Debug\NixieClock.a(LD.o)
                                0x1d3 (size before relaxing)
 .debug_str     0x000017a0      0x133 .\CortexM3\ARM_GCC_541\Debug\NixieClock.a(Timer_1.o)
                                0x315 (size before relaxing)
 .debug_str     0x000018d3       0xd8 .\CortexM3\ARM_GCC_541\Debug\NixieClock.a(isr_1.o)
                                0x2a6 (size before relaxing)
 .debug_str     0x000019ab       0xef .\CortexM3\ARM_GCC_541\Debug\NixieClock.a(I2C_1.o)
                                0x2f9 (size before relaxing)
 .debug_str     0x00001a9a       0x94 .\CortexM3\ARM_GCC_541\Debug\NixieClock.a(I2C_1_INT.o)
                                0x275 (size before relaxing)
 .debug_str     0x00001b2e       0x60 .\CortexM3\ARM_GCC_541\Debug\NixieClock.a(I2C_1_PM.o)
                                0x28f (size before relaxing)
 .debug_str     0x00001b8e      0x138 .\CortexM3\ARM_GCC_541\Debug\NixieClock.a(I2C_1_MASTER.o)
                                0x3d2 (size before relaxing)
 .debug_str     0x00001cc6      0x47c .\CortexM3\ARM_GCC_541\Debug\NixieClock.a(ADC_DelSig_1.o)
                                0x73a (size before relaxing)
 .debug_str     0x00002142       0x72 .\CortexM3\ARM_GCC_541\Debug\NixieClock.a(ADC_DelSig_1_INT.o)
                                0x1ed (size before relaxing)
 .debug_str     0x000021b4       0x83 .\CortexM3\ARM_GCC_541\Debug\NixieClock.a(ADC_DelSig_1_AMux.o)
                                0x23e (size before relaxing)
 .debug_str     0x00002237      0x1c7 .\CortexM3\ARM_GCC_541\Debug\NixieClock.a(ADC_DelSig_1_Ext_CP_Clk.o)
                                0x3ae (size before relaxing)
 .debug_str     0x000023fe      0x1bb .\CortexM3\ARM_GCC_541\Debug\NixieClock.a(ADC_DelSig_1_theACLK.o)
                                0x3df (size before relaxing)
 .debug_str     0x000025b9       0xe9 .\CortexM3\ARM_GCC_541\Debug\NixieClock.a(UART_1.o)
                                0x2b1 (size before relaxing)
 .debug_str     0x000026a2      0x1b4 .\CortexM3\ARM_GCC_541\Debug\NixieClock.a(CyFlash.o)
                                0x3c0 (size before relaxing)
 .debug_str     0x00002856       0xac .\CortexM3\ARM_GCC_541\Debug\NixieClock.a(CySpc.o)
                                0x338 (size before relaxing)

.debug_loc      0x00000000     0x2ce2
 *(.debug_loc)
 .debug_loc     0x00000000       0x7c .\CortexM3\ARM_GCC_541\Debug\main.o
 .debug_loc     0x0000007c      0x29c .\CortexM3\ARM_GCC_541\Debug\cyfitter_cfg.o
 .debug_loc     0x00000318      0x144 .\CortexM3\ARM_GCC_541\Debug\Cm3Start.o
 .debug_loc     0x0000045c       0xfe .\CortexM3\ARM_GCC_541\Debug\NixieClock.a(SPIM_1.o)
 .debug_loc     0x0000055a      0xa11 .\CortexM3\ARM_GCC_541\Debug\NixieClock.a(CyLib.o)
 .debug_loc     0x00000f6b      0x1e4 .\CortexM3\ARM_GCC_541\Debug\NixieClock.a(cyPm.o)
 .debug_loc     0x0000114f       0x26 .\CortexM3\ARM_GCC_541\Debug\NixieClock.a(PWM_1.o)
 .debug_loc     0x00001175       0x42 .\CortexM3\ARM_GCC_541\Debug\NixieClock.a(LD.o)
 .debug_loc     0x000011b7       0x56 .\CortexM3\ARM_GCC_541\Debug\NixieClock.a(isr_1.o)
 .debug_loc     0x0000120d       0x39 .\CortexM3\ARM_GCC_541\Debug\NixieClock.a(I2C_1.o)
 .debug_loc     0x00001246       0x29 .\CortexM3\ARM_GCC_541\Debug\NixieClock.a(I2C_1_INT.o)
 .debug_loc     0x0000126f       0x13 .\CortexM3\ARM_GCC_541\Debug\NixieClock.a(I2C_1_PM.o)
 .debug_loc     0x00001282      0x52f .\CortexM3\ARM_GCC_541\Debug\NixieClock.a(I2C_1_MASTER.o)
 .debug_loc     0x000017b1      0x692 .\CortexM3\ARM_GCC_541\Debug\NixieClock.a(ADC_DelSig_1.o)
 .debug_loc     0x00001e43       0x6c .\CortexM3\ARM_GCC_541\Debug\NixieClock.a(ADC_DelSig_1_AMux.o)
 .debug_loc     0x00001eaf      0x12c .\CortexM3\ARM_GCC_541\Debug\NixieClock.a(ADC_DelSig_1_Ext_CP_Clk.o)
 .debug_loc     0x00001fdb      0x14d .\CortexM3\ARM_GCC_541\Debug\NixieClock.a(ADC_DelSig_1_theACLK.o)
 .debug_loc     0x00002128      0x103 .\CortexM3\ARM_GCC_541\Debug\NixieClock.a(UART_1.o)
 .debug_loc     0x0000222b      0x3b2 .\CortexM3\ARM_GCC_541\Debug\NixieClock.a(CyFlash.o)
 .debug_loc     0x000025dd      0x705 .\CortexM3\ARM_GCC_541\Debug\NixieClock.a(CySpc.o)

.debug_macinfo
 *(.debug_macinfo)

.debug_ranges   0x00000000      0xa30
 *(.debug_ranges)
 .debug_ranges  0x00000000       0x40 .\CortexM3\ARM_GCC_541\Debug\main.o
 .debug_ranges  0x00000040       0x58 .\CortexM3\ARM_GCC_541\Debug\cyfitter_cfg.o
 .debug_ranges  0x00000098       0x38 .\CortexM3\ARM_GCC_541\Debug\Cm3Start.o
 .debug_ranges  0x000000d0       0xc8 .\CortexM3\ARM_GCC_541\Debug\NixieClock.a(SPIM_1.o)
 .debug_ranges  0x00000198      0x290 .\CortexM3\ARM_GCC_541\Debug\NixieClock.a(CyLib.o)
 .debug_ranges  0x00000428       0x88 .\CortexM3\ARM_GCC_541\Debug\NixieClock.a(cyPm.o)
 .debug_ranges  0x000004b0       0x88 .\CortexM3\ARM_GCC_541\Debug\NixieClock.a(PWM_1.o)
 .debug_ranges  0x00000538       0x28 .\CortexM3\ARM_GCC_541\Debug\NixieClock.a(LD.o)
 .debug_ranges  0x00000560       0x78 .\CortexM3\ARM_GCC_541\Debug\NixieClock.a(Timer_1.o)
 .debug_ranges  0x000005d8       0x70 .\CortexM3\ARM_GCC_541\Debug\NixieClock.a(isr_1.o)
 .debug_ranges  0x00000648       0x28 .\CortexM3\ARM_GCC_541\Debug\NixieClock.a(I2C_1.o)
 .debug_ranges  0x00000670       0x10 .\CortexM3\ARM_GCC_541\Debug\NixieClock.a(I2C_1_INT.o)
 .debug_ranges  0x00000680       0x28 .\CortexM3\ARM_GCC_541\Debug\NixieClock.a(I2C_1_PM.o)
 .debug_ranges  0x000006a8       0x70 .\CortexM3\ARM_GCC_541\Debug\NixieClock.a(I2C_1_MASTER.o)
 .debug_ranges  0x00000718       0xd8 .\CortexM3\ARM_GCC_541\Debug\NixieClock.a(ADC_DelSig_1.o)
 .debug_ranges  0x000007f0       0x28 .\CortexM3\ARM_GCC_541\Debug\NixieClock.a(ADC_DelSig_1_INT.o)
 .debug_ranges  0x00000818       0x20 .\CortexM3\ARM_GCC_541\Debug\NixieClock.a(ADC_DelSig_1_AMux.o)
 .debug_ranges  0x00000838       0x60 .\CortexM3\ARM_GCC_541\Debug\NixieClock.a(ADC_DelSig_1_Ext_CP_Clk.o)
 .debug_ranges  0x00000898       0x70 .\CortexM3\ARM_GCC_541\Debug\NixieClock.a(ADC_DelSig_1_theACLK.o)
 .debug_ranges  0x00000908       0x40 .\CortexM3\ARM_GCC_541\Debug\NixieClock.a(UART_1.o)
 .debug_ranges  0x00000948       0x78 .\CortexM3\ARM_GCC_541\Debug\NixieClock.a(CyFlash.o)
 .debug_ranges  0x000009c0       0x70 .\CortexM3\ARM_GCC_541\Debug\NixieClock.a(CySpc.o)

.comment        0x00000000       0x6e
 .comment       0x00000000       0x6e .\CortexM3\ARM_GCC_541\Debug\main.o
                                 0x6f (size before relaxing)
 .comment       0x0000006e       0x6f .\CortexM3\ARM_GCC_541\Debug\cyfitter_cfg.o
 .comment       0x0000006e       0x6f .\CortexM3\ARM_GCC_541\Debug\cymetadata.o
 .comment       0x0000006e       0x6f .\CortexM3\ARM_GCC_541\Debug\Cm3Start.o
 .comment       0x0000006e       0x6f .\CortexM3\ARM_GCC_541\Debug\NixieClock.a(SPIM_1.o)
 .comment       0x0000006e       0x6f .\CortexM3\ARM_GCC_541\Debug\NixieClock.a(CyLib.o)
 .comment       0x0000006e       0x6f .\CortexM3\ARM_GCC_541\Debug\NixieClock.a(cyPm.o)
 .comment       0x0000006e       0x6f .\CortexM3\ARM_GCC_541\Debug\NixieClock.a(PWM_1.o)
 .comment       0x0000006e       0x6f .\CortexM3\ARM_GCC_541\Debug\NixieClock.a(LD.o)
 .comment       0x0000006e       0x6f .\CortexM3\ARM_GCC_541\Debug\NixieClock.a(Timer_1.o)
 .comment       0x0000006e       0x6f .\CortexM3\ARM_GCC_541\Debug\NixieClock.a(isr_1.o)
 .comment       0x0000006e       0x6f .\CortexM3\ARM_GCC_541\Debug\NixieClock.a(I2C_1.o)
 .comment       0x0000006e       0x6f .\CortexM3\ARM_GCC_541\Debug\NixieClock.a(I2C_1_INT.o)
 .comment       0x0000006e       0x6f .\CortexM3\ARM_GCC_541\Debug\NixieClock.a(I2C_1_PM.o)
 .comment       0x0000006e       0x6f .\CortexM3\ARM_GCC_541\Debug\NixieClock.a(I2C_1_MASTER.o)
 .comment       0x0000006e       0x6f .\CortexM3\ARM_GCC_541\Debug\NixieClock.a(ADC_DelSig_1.o)
 .comment       0x0000006e       0x6f .\CortexM3\ARM_GCC_541\Debug\NixieClock.a(ADC_DelSig_1_INT.o)
 .comment       0x0000006e       0x6f .\CortexM3\ARM_GCC_541\Debug\NixieClock.a(ADC_DelSig_1_AMux.o)
 .comment       0x0000006e       0x6f .\CortexM3\ARM_GCC_541\Debug\NixieClock.a(ADC_DelSig_1_Ext_CP_Clk.o)
 .comment       0x0000006e       0x6f .\CortexM3\ARM_GCC_541\Debug\NixieClock.a(ADC_DelSig_1_theACLK.o)
 .comment       0x0000006e       0x6f .\CortexM3\ARM_GCC_541\Debug\NixieClock.a(UART_1.o)
 .comment       0x0000006e       0x6f .\CortexM3\ARM_GCC_541\Debug\NixieClock.a(CyFlash.o)
 .comment       0x0000006e       0x6f .\CortexM3\ARM_GCC_541\Debug\NixieClock.a(CySpc.o)

.debug_weaknames
 *(.debug_weaknames)

.debug_funcnames
 *(.debug_funcnames)

.debug_typenames
 *(.debug_typenames)

.debug_varnames
 *(.debug_varnames)

.note.gnu.arm.ident
 *(.note.gnu.arm.ident)

.ARM.attributes
                0x00000000       0x29
 *(.ARM.attributes)
 .ARM.attributes
                0x00000000       0x1d c:/program files (x86)/cypress/psoc creator/4.2/psoc creator/import/gnu/arm/5.4.1/bin/../lib/gcc/arm-none-eabi/5.4.1/armv7-m/crti.o
 .ARM.attributes
                0x0000001d       0x2d c:/program files (x86)/cypress/psoc creator/4.2/psoc creator/import/gnu/arm/5.4.1/bin/../lib/gcc/arm-none-eabi/5.4.1/armv7-m/crtbegin.o
 .ARM.attributes
                0x0000004a       0x1b c:/program files (x86)/cypress/psoc creator/4.2/psoc creator/import/gnu/arm/5.4.1/bin/../lib/gcc/arm-none-eabi/5.4.1/../../../../arm-none-eabi/lib/armv7-m/crt0.o
 .ARM.attributes
                0x00000065       0x33 .\CortexM3\ARM_GCC_541\Debug\main.o
 .ARM.attributes
                0x00000098       0x33 .\CortexM3\ARM_GCC_541\Debug\cyfitter_cfg.o
 .ARM.attributes
                0x000000cb       0x33 .\CortexM3\ARM_GCC_541\Debug\cymetadata.o
 .ARM.attributes
                0x000000fe       0x33 .\CortexM3\ARM_GCC_541\Debug\Cm3Start.o
 .ARM.attributes
                0x00000131       0x33 .\CortexM3\ARM_GCC_541\Debug\NixieClock.a(SPIM_1.o)
 .ARM.attributes
                0x00000164       0x33 .\CortexM3\ARM_GCC_541\Debug\NixieClock.a(CyLib.o)
 .ARM.attributes
                0x00000197       0x33 .\CortexM3\ARM_GCC_541\Debug\NixieClock.a(cyPm.o)
 .ARM.attributes
                0x000001ca       0x33 .\CortexM3\ARM_GCC_541\Debug\NixieClock.a(PWM_1.o)
 .ARM.attributes
                0x000001fd       0x33 .\CortexM3\ARM_GCC_541\Debug\NixieClock.a(LD.o)
 .ARM.attributes
                0x00000230       0x33 .\CortexM3\ARM_GCC_541\Debug\NixieClock.a(Timer_1.o)
 .ARM.attributes
                0x00000263       0x33 .\CortexM3\ARM_GCC_541\Debug\NixieClock.a(isr_1.o)
 .ARM.attributes
                0x00000296       0x33 .\CortexM3\ARM_GCC_541\Debug\NixieClock.a(I2C_1.o)
 .ARM.attributes
                0x000002c9       0x33 .\CortexM3\ARM_GCC_541\Debug\NixieClock.a(I2C_1_INT.o)
 .ARM.attributes
                0x000002fc       0x33 .\CortexM3\ARM_GCC_541\Debug\NixieClock.a(I2C_1_PM.o)
 .ARM.attributes
                0x0000032f       0x33 .\CortexM3\ARM_GCC_541\Debug\NixieClock.a(I2C_1_MASTER.o)
 .ARM.attributes
                0x00000362       0x33 .\CortexM3\ARM_GCC_541\Debug\NixieClock.a(ADC_DelSig_1.o)
 .ARM.attributes
                0x00000395       0x33 .\CortexM3\ARM_GCC_541\Debug\NixieClock.a(ADC_DelSig_1_INT.o)
 .ARM.attributes
                0x000003c8       0x33 .\CortexM3\ARM_GCC_541\Debug\NixieClock.a(ADC_DelSig_1_AMux.o)
 .ARM.attributes
                0x000003fb       0x33 .\CortexM3\ARM_GCC_541\Debug\NixieClock.a(ADC_DelSig_1_Ext_CP_Clk.o)
 .ARM.attributes
                0x0000042e       0x33 .\CortexM3\ARM_GCC_541\Debug\NixieClock.a(ADC_DelSig_1_theACLK.o)
 .ARM.attributes
                0x00000461       0x33 .\CortexM3\ARM_GCC_541\Debug\NixieClock.a(UART_1.o)
 .ARM.attributes
                0x00000494       0x21 .\CortexM3\ARM_GCC_541\Debug\NixieClock.a(CyBootAsmGnu.o)
 .ARM.attributes
                0x000004b5       0x21 .\CortexM3\ARM_GCC_541\Debug\NixieClock.a(UART_1_AsmGnu.o)
 .ARM.attributes
                0x000004d6       0x33 .\CortexM3\ARM_GCC_541\Debug\NixieClock.a(CyFlash.o)
 .ARM.attributes
                0x00000509       0x33 .\CortexM3\ARM_GCC_541\Debug\NixieClock.a(CySpc.o)
 .ARM.attributes
                0x0000053c       0x1d c:/program files (x86)/cypress/psoc creator/4.2/psoc creator/import/gnu/arm/5.4.1/bin/../lib/gcc/arm-none-eabi/5.4.1/armv7-m\libgcc.a(_udivsi3.o)
 .ARM.attributes
                0x00000559       0x1d c:/program files (x86)/cypress/psoc creator/4.2/psoc creator/import/gnu/arm/5.4.1/bin/../lib/gcc/arm-none-eabi/5.4.1/armv7-m\libgcc.a(_dvmd_tls.o)
 .ARM.attributes
                0x00000576       0x1d c:/program files (x86)/cypress/psoc creator/4.2/psoc creator/import/gnu/arm/5.4.1/bin/../lib/gcc/arm-none-eabi/5.4.1/armv7-m\libgcc.a(_arm_addsubdf3.o)
 .ARM.attributes
                0x00000593       0x1d c:/program files (x86)/cypress/psoc creator/4.2/psoc creator/import/gnu/arm/5.4.1/bin/../lib/gcc/arm-none-eabi/5.4.1/armv7-m\libgcc.a(_arm_cmpdf2.o)
 .ARM.attributes
                0x000005b0       0x1d c:/program files (x86)/cypress/psoc creator/4.2/psoc creator/import/gnu/arm/5.4.1/bin/../lib/gcc/arm-none-eabi/5.4.1/armv7-m\libgcc.a(_arm_fixdfsi.o)
 .ARM.attributes
                0x000005cd       0x1d c:/program files (x86)/cypress/psoc creator/4.2/psoc creator/import/gnu/arm/5.4.1/bin/../lib/gcc/arm-none-eabi/5.4.1/armv7-m\libgcc.a(_arm_addsubsf3.o)
 .ARM.attributes
                0x000005ea       0x1d c:/program files (x86)/cypress/psoc creator/4.2/psoc creator/import/gnu/arm/5.4.1/bin/../lib/gcc/arm-none-eabi/5.4.1/armv7-m\libgcc.a(_arm_muldivsf3.o)
 .ARM.attributes
                0x00000607       0x1d c:/program files (x86)/cypress/psoc creator/4.2/psoc creator/import/gnu/arm/5.4.1/bin/../lib/gcc/arm-none-eabi/5.4.1/armv7-m\libgcc.a(_arm_fixunssfsi.o)
 .ARM.attributes
                0x00000624       0x2d c:/program files (x86)/cypress/psoc creator/4.2/psoc creator/import/gnu/arm/5.4.1/bin/../lib/gcc/arm-none-eabi/5.4.1/../../../../arm-none-eabi/lib/armv7-m\libg_nano.a(lib_a-calloc.o)
 .ARM.attributes
                0x00000651       0x2d c:/program files (x86)/cypress/psoc creator/4.2/psoc creator/import/gnu/arm/5.4.1/bin/../lib/gcc/arm-none-eabi/5.4.1/../../../../arm-none-eabi/lib/armv7-m\libg_nano.a(lib_a-errno.o)
 .ARM.attributes
                0x0000067e       0x2d c:/program files (x86)/cypress/psoc creator/4.2/psoc creator/import/gnu/arm/5.4.1/bin/../lib/gcc/arm-none-eabi/5.4.1/../../../../arm-none-eabi/lib/armv7-m\libg_nano.a(lib_a-exit.o)
 .ARM.attributes
                0x000006ab       0x2d c:/program files (x86)/cypress/psoc creator/4.2/psoc creator/import/gnu/arm/5.4.1/bin/../lib/gcc/arm-none-eabi/5.4.1/../../../../arm-none-eabi/lib/armv7-m\libg_nano.a(lib_a-impure.o)
 .ARM.attributes
                0x000006d8       0x2d c:/program files (x86)/cypress/psoc creator/4.2/psoc creator/import/gnu/arm/5.4.1/bin/../lib/gcc/arm-none-eabi/5.4.1/../../../../arm-none-eabi/lib/armv7-m\libg_nano.a(lib_a-init.o)
 .ARM.attributes
                0x00000705       0x2d c:/program files (x86)/cypress/psoc creator/4.2/psoc creator/import/gnu/arm/5.4.1/bin/../lib/gcc/arm-none-eabi/5.4.1/../../../../arm-none-eabi/lib/armv7-m\libg_nano.a(lib_a-memcpy-stub.o)
 .ARM.attributes
                0x00000732       0x2d c:/program files (x86)/cypress/psoc creator/4.2/psoc creator/import/gnu/arm/5.4.1/bin/../lib/gcc/arm-none-eabi/5.4.1/../../../../arm-none-eabi/lib/armv7-m\libg_nano.a(lib_a-memset.o)
 .ARM.attributes
                0x0000075f       0x2d c:/program files (x86)/cypress/psoc creator/4.2/psoc creator/import/gnu/arm/5.4.1/bin/../lib/gcc/arm-none-eabi/5.4.1/../../../../arm-none-eabi/lib/armv7-m\libg_nano.a(lib_a-nano-callocr.o)
 .ARM.attributes
                0x0000078c       0x2d c:/program files (x86)/cypress/psoc creator/4.2/psoc creator/import/gnu/arm/5.4.1/bin/../lib/gcc/arm-none-eabi/5.4.1/../../../../arm-none-eabi/lib/armv7-m\libg_nano.a(lib_a-nano-mallocr.o)
 .ARM.attributes
                0x000007b9       0x2d c:/program files (x86)/cypress/psoc creator/4.2/psoc creator/import/gnu/arm/5.4.1/bin/../lib/gcc/arm-none-eabi/5.4.1/../../../../arm-none-eabi/lib/armv7-m\libg_nano.a(lib_a-sbrkr.o)
 .ARM.attributes
                0x000007e6       0x2d c:/program files (x86)/cypress/psoc creator/4.2/psoc creator/import/gnu/arm/5.4.1/bin/../lib/gcc/arm-none-eabi/5.4.1/../../../../arm-none-eabi/lib/armv7-m\libg_nano.a(lib_a-sprintf.o)
 .ARM.attributes
                0x00000813       0x2d c:/program files (x86)/cypress/psoc creator/4.2/psoc creator/import/gnu/arm/5.4.1/bin/../lib/gcc/arm-none-eabi/5.4.1/../../../../arm-none-eabi/lib/armv7-m\libg_nano.a(lib_a-mlock.o)
 .ARM.attributes
                0x00000840       0x2d c:/program files (x86)/cypress/psoc creator/4.2/psoc creator/import/gnu/arm/5.4.1/bin/../lib/gcc/arm-none-eabi/5.4.1/../../../../arm-none-eabi/lib/armv7-m\libg_nano.a(lib_a-nano-svfprintf.o)
 .ARM.attributes
                0x0000086d       0x2d c:/program files (x86)/cypress/psoc creator/4.2/psoc creator/import/gnu/arm/5.4.1/bin/../lib/gcc/arm-none-eabi/5.4.1/../../../../arm-none-eabi/lib/armv7-m\libg_nano.a(lib_a-nano-vfprintf_i.o)
 .ARM.attributes
                0x0000089a       0x2d c:/program files (x86)/cypress/psoc creator/4.2/psoc creator/import/gnu/arm/5.4.1/bin/../lib/gcc/arm-none-eabi/5.4.1/../../../../arm-none-eabi/lib/armv7-m\libg_nano.a(lib_a-reent.o)
 .ARM.attributes
                0x000008c7       0x2d c:/program files (x86)/cypress/psoc creator/4.2/psoc creator/import/gnu/arm/5.4.1/bin/../lib/gcc/arm-none-eabi/5.4.1/../../../../arm-none-eabi/lib/armv7-m\libg_nano.a(lib_a-memchr-stub.o)
 .ARM.attributes
                0x000008f4       0x2d c:/program files (x86)/cypress/psoc creator/4.2/psoc creator/import/gnu/arm/5.4.1/bin/../lib/gcc/arm-none-eabi/5.4.1/../../../../arm-none-eabi/lib/armv7-m\libg_nano.a(lib_a-memmove.o)
 .ARM.attributes
                0x00000921       0x2d c:/program files (x86)/cypress/psoc creator/4.2/psoc creator/import/gnu/arm/5.4.1/bin/../lib/gcc/arm-none-eabi/5.4.1/../../../../arm-none-eabi/lib/armv7-m\libg_nano.a(lib_a-nano-freer.o)
 .ARM.attributes
                0x0000094e       0x2d c:/program files (x86)/cypress/psoc creator/4.2/psoc creator/import/gnu/arm/5.4.1/bin/../lib/gcc/arm-none-eabi/5.4.1/../../../../arm-none-eabi/lib/armv7-m\libg_nano.a(lib_a-nano-reallocr.o)
 .ARM.attributes
                0x0000097b       0x2d c:/program files (x86)/cypress/psoc creator/4.2/psoc creator/import/gnu/arm/5.4.1/bin/../lib/gcc/arm-none-eabi/5.4.1/../../../../arm-none-eabi/lib/armv7-m\libg_nano.a(lib_a-nano-msizer.o)
 .ARM.attributes
                0x000009a8       0x2d c:/program files (x86)/cypress/psoc creator/4.2/psoc creator/import/gnu/arm/5.4.1/bin/../lib/gcc/arm-none-eabi/5.4.1/armv7-m/crtend.o
 .ARM.attributes
                0x000009d5       0x1d c:/program files (x86)/cypress/psoc creator/4.2/psoc creator/import/gnu/arm/5.4.1/bin/../lib/gcc/arm-none-eabi/5.4.1/armv7-m/crtn.o

/DISCARD/
 *(.note.GNU-stack)
OUTPUT(C:\Users\andre\Documents\PSoC Creator\NixieBench\NixieClock.cydsn\CortexM3\ARM_GCC_541\Debug\NixieClock.elf elf32-littlearm)
